Archive member included to satisfy reference by file (symbol)

/opt/devkitpro/libnds/lib/libmm7.a(mm_comms7.o)
                              template.o (mmInstall)
/opt/devkitpro/libnds/lib/libmm7.a(mm_main.o)
                              /opt/devkitpro/libnds/lib/libmm7.a(mm_comms7.o) (mmSetEventHandler)
/opt/devkitpro/libnds/lib/libmm7.a(mm_effect.o)
                              /opt/devkitpro/libnds/lib/libmm7.a(mm_comms7.o) (mm_sfx_clearmask)
/opt/devkitpro/libnds/lib/libmm7.a(mm_mas.o)
                              /opt/devkitpro/libnds/lib/libmm7.a(mm_effect.o) (mm_achannels)
/opt/devkitpro/libnds/lib/libmm7.a(mm_mas_arm.o)
                              /opt/devkitpro/libnds/lib/libmm7.a(mm_effect.o) (mmAllocChannel)
/opt/devkitpro/libnds/lib/libmm7.a(mm_main7.o)
                              /opt/devkitpro/libnds/lib/libmm7.a(mm_mas.o) (mmModuleBank)
/opt/devkitpro/libnds/lib/libmm7.a(mm_mixer_super.o)
                              /opt/devkitpro/libnds/lib/libmm7.a(mm_effect.o) (mm_mix_channels)
/opt/devkitpro/calico/lib/libcalico_ds7.a(irq.o)
                              /opt/devkitpro/libnds/lib/libmm7.a(mm_comms7.o) (irqSet)
/opt/devkitpro/calico/lib/libcalico_ds7.a(thread_cold.o)
                              /opt/devkitpro/libnds/lib/libmm7.a(mm_comms7.o) (threadPrepare)
/opt/devkitpro/calico/lib/libcalico_ds7.a(thread_hot.32.o)
                              /opt/devkitpro/calico/lib/libcalico_ds7.a(thread_cold.o) (__sched_state)
/opt/devkitpro/calico/lib/libcalico_ds7.a(mailbox.o)
                              /opt/devkitpro/libnds/lib/libmm7.a(mm_comms7.o) (mailboxTrySend)
/opt/devkitpro/calico/lib/libcalico_ds7.a(arm-copy-fill.32.o)
                              /opt/devkitpro/calico/lib/libcalico_ds7.a(thread_cold.o) (armCopyMem32)
/opt/devkitpro/calico/lib/libcalico_ds7.a(arm-context.32.o)
                              /opt/devkitpro/calico/lib/libcalico_ds7.a(thread_cold.o) (armContextSave)
/opt/devkitpro/calico/lib/libcalico_ds7.a(arm-shims.32.o)
                              /opt/devkitpro/calico/lib/libcalico_ds7.a(thread_cold.o) (armIrqLockByPsr)
/opt/devkitpro/calico/lib/libcalico_ds7.a(bios.o)
                              /opt/devkitpro/calico/lib/libcalico_ds7.a(thread_cold.o) (svcHalt)
/opt/devkitpro/calico/lib/libcalico_ds7.a(pxi.o)
                              /opt/devkitpro/libnds/lib/libmm7.a(mm_comms7.o) (pxiSetHandler)
/opt/devkitpro/calico/lib/libcalico_ds7.a(keypad.o)
                              template.o (keypadStartExtServer)
/opt/devkitpro/calico/lib/libcalico_ds7.a(pm.o)
                              template.o (rtcSyncTime)
/opt/devkitpro/calico/lib/libcalico_ds7.a(bootstub_arm7.o)
                              (__ds7_bootstub)
/opt/devkitpro/calico/lib/libcalico_ds7.a(rtc.o)
                              template.o (rtcInit)
/opt/devkitpro/calico/lib/libcalico_ds7.a(spi.o)
                              /opt/devkitpro/calico/lib/libcalico_ds7.a(pm.o) (g_spiMutex)
/opt/devkitpro/calico/lib/libcalico_ds7.a(pmic.o)
                              /opt/devkitpro/calico/lib/libcalico_ds7.a(pm.o) (pmicWriteRegister)
/opt/devkitpro/calico/lib/libcalico_ds7.a(env.o)
                              template.o (envReadNvramSettings)
/opt/devkitpro/calico/lib/libcalico_ds7.a(pm_arm7.o)
                              /opt/devkitpro/calico/lib/libcalico_ds7.a(pm.o) (pmGetBatteryState)
/opt/devkitpro/calico/lib/libcalico_ds7.a(touch.o)
                              template.o (touchStartServer)
/opt/devkitpro/calico/lib/libcalico_ds7.a(mic.32.o)
                              template.o (micStartServer)
/opt/devkitpro/calico/lib/libcalico_ds7.a(scfg.twl.o)
                              /opt/devkitpro/calico/lib/libcalico_ds7.a(pm.o) (scfgSetMcPower)
/opt/devkitpro/calico/lib/libcalico_ds7.a(i2c.twl.o)
                              /opt/devkitpro/calico/lib/libcalico_ds7.a(pm.o) (g_i2cMutex)
/opt/devkitpro/calico/lib/libcalico_ds7.a(mcu.twl.o)
                              /opt/devkitpro/calico/lib/libcalico_ds7.a(pm.o) (g_mcuPwrBtnState)
/opt/devkitpro/calico/lib/libcalico_ds7.a(codec.twl.o)
                              /opt/devkitpro/calico/lib/libcalico_ds7.a(touch.o) (cdcTscInit)
/opt/devkitpro/calico/lib/libcalico_ds7.a(gpio.twl.o)
                              /opt/devkitpro/calico/lib/libcalico_ds7.a(pm.o) (gpioSetWlModule)
/opt/devkitpro/calico/lib/libcalico_ds7.a(sound.o)
                              template.o (soundStartServer)
/opt/devkitpro/calico/lib/libcalico_ds7.a(sound_pxi.o)
                              /opt/devkitpro/calico/lib/libcalico_ds7.a(sound.o) (_soundPxiProcess)
/opt/devkitpro/calico/lib/libcalico_ds7.a(blk.o)
                              template.o (blkInit)
/opt/devkitpro/calico/lib/libcalico_ds7.a(blk.twl.32.o)
                              /opt/devkitpro/calico/lib/libcalico_ds7.a(blk.o) (twlblkInit)
/opt/devkitpro/calico/lib/libcalico_ds7.a(wlmgr.o)
                              template.o (wlmgrStartServer)
[...]
Memory Configuration

Name             Origin             Length             Attributes
lma7             0x02380000         0x00040000
lma7i            0x02e80000         0x00108000
main             0x02fcc000         0x00028000
twlwram          0x037c0000         0x00038000
wram             0x037f8000         0x00017000
*default*        0x00000000         0xffffffff

Linker script and memory map

                0x00000000                        __sync_synchronize = __sync_synchronize_none
LOAD /opt/devkitpro/devkitARM/bin/../lib/gcc/arm-none-eabi/14.2.0/thumb/crti.o
LOAD /opt/devkitpro/devkitARM/bin/../lib/gcc/arm-none-eabi/14.2.0/thumb/crtbegin.o
LOAD template.o
LOAD /opt/devkitpro/libnds/lib/libmm7.a
LOAD /opt/devkitpro/libnds/lib/libnds7.a
LOAD /opt/devkitpro/calico/lib/libcalico_ds7.a
START GROUP
LOAD /opt/devkitpro/devkitARM/bin/../lib/gcc/arm-none-eabi/14.2.0/thumb/libgcc.a
LOAD /opt/devkitpro/devkitARM/bin/../lib/gcc/arm-none-eabi/14.2.0/../../../../arm-none-eabi/lib/thumb/libg.a
LOAD /opt/devkitpro/devkitARM/bin/../lib/gcc/arm-none-eabi/14.2.0/../../../../arm-none-eabi/lib/thumb/libc.a
LOAD /opt/devkitpro/devkitARM/bin/../lib/gcc/arm-none-eabi/14.2.0/../../../../arm-none-eabi/lib/thumb/libsysbase.a
END GROUP
LOAD /opt/devkitpro/devkitARM/bin/../lib/gcc/arm-none-eabi/14.2.0/thumb/crtend.o
LOAD /opt/devkitpro/devkitARM/bin/../lib/gcc/arm-none-eabi/14.2.0/thumb/crtn.o
                0x0380f000                        PROVIDE (__sys_start = (ORIGIN (wram) + LENGTH (wram)))
                0x0380fe80                        PROVIDE (__sp_usr = (__sys_start + 0xe80))
                0x0380ff80                        PROVIDE (__sp_irq = (__sp_usr + 0x100))
                0x0380ffc0                        PROVIDE (__sp_svc = (__sp_irq + 0x40))
                0x0380ffc0                        PROVIDE (__irq_flags2 = (__sp_svc + 0x0))
                [!provide]                        PROVIDE (__scfg_buf = (__sp_svc + 0x4))
                [!provide]                        PROVIDE (__dma_fill = (__sp_svc + 0x20))
                0x0380fff8                        PROVIDE (__irq_flags = (__sp_svc + 0x38))
                0x0380fffc                        PROVIDE (__irq_vector = (__sp_svc + 0x3c))
                0x00000000                        PROVIDE (__end__ = 0x0)

.crt0           0x02380000      0x610
 *(.prepad)
                0x02380000                        . = ALIGN (0x4)
 *(.bootstub .bootstub.*)
 .bootstub.__ds7_bootstub
                0x02380000      0x13c /opt/devkitpro/calico/lib/libcalico_ds7.a(bootstub_arm7.o)
                0x02380000                __ds7_bootstub
 *(.crt0 .crt0.* .text.build_argv .text.__libc_init_array .text._blkShelterDldi)
 .text._blkShelterDldi
                0x0238013c       0xa0 /opt/devkitpro/calico/lib/libcalico_ds7.a(blk.o)
                0x0238013c                _blkShelterDldi
 .text.__libc_init_array
                0x023801dc       0x54 /opt/devkitpro/devkitARM/bin/../lib/gcc/arm-none-eabi/14.2.0/../../../../arm-none-eabi/lib/thumb/libg.a(libc_a-init.o)
                0x023801dc                __libc_init_array
 .text.build_argv
                0x02380230       0x54 /opt/devkitpro/devkitARM/bin/../lib/gcc/arm-none-eabi/14.2.0/../../../../arm-none-eabi/lib/thumb/libsysbase.a(libsysbase_libsysbase_a-build_argv.o)
                0x02380230                build_argv
 *.crt0.*(.text .stub .text.* .gnu.linkonce.t.*)
 .text.crt0ProcessLoadList
                0x02380284       0x5c /opt/devkitpro/calico/lib/libcalico_ds7.a(startup.crt0.o)
                0x02380284                crt0ProcessLoadList
 .text.crt0Startup
                0x023802e0      0x248 /opt/devkitpro/calico/lib/libcalico_ds7.a(startup.crt0.o)
                0x023802e0                crt0Startup
 .text.crt0CopyMem32
                0x02380528       0x4c /opt/devkitpro/calico/lib/libcalico_ds7.a(utils.crt0.o)
                0x02380528                crt0CopyMem32
 .text.crt0FillMem32
                0x02380574       0x58 /opt/devkitpro/calico/lib/libcalico_ds7.a(utils.crt0.o)
                0x02380574                crt0FillMem32
 *fill*         0x023805cc        0x4 ff
 .text.crt0FillMem32.__stub
                0x023805d0       0x40 linker stubs
 *.crt0.*(.glue_7t .glue_7 .vfp11_veneer .v4_bx)
 *.crt0.*(.rodata .rodata.* .gnu.linkonce.r.*)
 *.crt0.*(.rodata1)
                0x02380610                        . = ALIGN (0x4)

.twl            0x037c0000     0x757c load address 0x02e80000
 *(.twl .twl.* .text.irqSet2 .text.threadIrqWait2)
 .text.irqSet2  0x037c0000       0x38 /opt/devkitpro/calico/lib/libcalico_ds7.a(irq.o)
                0x037c0000                irqSet2
 .text.threadIrqWait2
                0x037c0038       0x70 /opt/devkitpro/calico/lib/libcalico_ds7.a(thread_cold.o)
                0x037c0038                threadIrqWait2
 .twl._micReadSampleTwl
                0x037c00a8       0x54 /opt/devkitpro/calico/lib/libcalico_ds7.a(mic.32.o)
 .twl._micDmaIsr
                0x037c00fc       0x74 /opt/devkitpro/calico/lib/libcalico_ds7.a(mic.32.o)
 *.twl.*(.text .stub .text.* .gnu.linkonce.t.*)
 .text.scfgSetMcPower
                0x037c0170       0x9c /opt/devkitpro/calico/lib/libcalico_ds7.a(scfg.twl.o)
                0x037c0170                scfgSetMcPower
 .text._i2cSelectDevice
                0x037c020c       0x28 /opt/devkitpro/calico/lib/libcalico_ds7.a(i2c.twl.o)
 .text._i2cSelectRegister
                0x037c0234       0x40 /opt/devkitpro/calico/lib/libcalico_ds7.a(i2c.twl.o)
 .text._i2cStop.part.0
                0x037c0274       0x38 /opt/devkitpro/calico/lib/libcalico_ds7.a(i2c.twl.o)
 .text._i2cSetMcuDelay
                0x037c02ac        0xc /opt/devkitpro/calico/lib/libcalico_ds7.a(i2c.twl.o)
                0x037c02ac                _i2cSetMcuDelay
 .text.i2cWriteRegister8
                0x037c02b8       0xa0 /opt/devkitpro/calico/lib/libcalico_ds7.a(i2c.twl.o)
                0x037c02b8                i2cWriteRegister8
 .text.i2cReadRegister8
                0x037c0358       0xac /opt/devkitpro/calico/lib/libcalico_ds7.a(i2c.twl.o)
                0x037c0358                i2cReadRegister8
 .text._mcuThread
                0x037c0404       0x98 /opt/devkitpro/calico/lib/libcalico_ds7.a(mcu.twl.o)
 .text.mcuInit  0x037c049c       0x34 /opt/devkitpro/calico/lib/libcalico_ds7.a(mcu.twl.o)
                0x037c049c                mcuInit
 .text.mcuStartThread
                0x037c04d0       0x2c /opt/devkitpro/calico/lib/libcalico_ds7.a(mcu.twl.o)
                0x037c04d0                mcuStartThread
 .text.mcuIrqSet
                0x037c04fc       0x3c /opt/devkitpro/calico/lib/libcalico_ds7.a(mcu.twl.o)
                0x037c04fc                mcuIrqSet
 .text.mcuIssueReset
                0x037c0538       0x30 /opt/devkitpro/calico/lib/libcalico_ds7.a(mcu.twl.o)
                0x037c0538                mcuIssueReset
 .text.mcuIssueShutdown
                0x037c0568       0x28 /opt/devkitpro/calico/lib/libcalico_ds7.a(mcu.twl.o)
                0x037c0568                mcuIssueShutdown
 .text._cdcRawReadByte
                0x037c0590       0x54 /opt/devkitpro/calico/lib/libcalico_ds7.a(codec.twl.o)
 .text._cdcRawWriteByte
                0x037c05e4       0x3c /opt/devkitpro/calico/lib/libcalico_ds7.a(codec.twl.o)
 .text._cdcSelectPage
                0x037c0620       0x28 /opt/devkitpro/calico/lib/libcalico_ds7.a(codec.twl.o)
 .text.cdcReadReg
                0x037c0648       0x3c /opt/devkitpro/calico/lib/libcalico_ds7.a(codec.twl.o)
                0x037c0648                cdcReadReg
 .text.cdcWriteReg
                0x037c0684       0x40 /opt/devkitpro/calico/lib/libcalico_ds7.a(codec.twl.o)
                0x037c0684                cdcWriteReg
 .text.cdcWriteRegMask
                0x037c06c4       0x50 /opt/devkitpro/calico/lib/libcalico_ds7.a(codec.twl.o)
                0x037c06c4                cdcWriteRegMask
 .text.cdcReadRegArray
                0x037c0714       0xac /opt/devkitpro/calico/lib/libcalico_ds7.a(codec.twl.o)
                0x037c0714                cdcReadRegArray
 .text.cdcTscInit
                0x037c07c0       0x88 /opt/devkitpro/calico/lib/libcalico_ds7.a(codec.twl.o)
                0x037c07c0                cdcTscInit
 .text.cdcTscReadTouch
                0x037c0848      0x160 /opt/devkitpro/calico/lib/libcalico_ds7.a(codec.twl.o)
                0x037c0848                cdcTscReadTouch
 .text.cdcMicSetAmp
                0x037c09a8       0x98 /opt/devkitpro/calico/lib/libcalico_ds7.a(codec.twl.o)
                0x037c09a8                cdcMicSetAmp
 .text.gpioSetWlModule
                0x037c0a40       0x38 /opt/devkitpro/calico/lib/libcalico_ds7.a(gpio.twl.o)
                0x037c0a40                gpioSetWlModule
 .text._twlblkAesPrepare
                0x037c0a78       0x90 /opt/devkitpro/calico/lib/libcalico_ds7.a(blk.twl.32.o)
 .text._twlblkAesDmaXferRecv
                0x037c0b08       0x3c /opt/devkitpro/calico/lib/libcalico_ds7.a(blk.twl.32.o)
 .text._twlblkAesDmaXferSend
                0x037c0b44       0x3c /opt/devkitpro/calico/lib/libcalico_ds7.a(blk.twl.32.o)
 .text._sdmcIrqHandler
                0x037c0b80       0x18 /opt/devkitpro/calico/lib/libcalico_ds7.a(blk.twl.32.o)
 .text._twlblkAesDmaFinish.isra.0
                0x037c0b98       0x38 /opt/devkitpro/calico/lib/libcalico_ds7.a(blk.twl.32.o)
 .text._twlblkAesDmaWrite
                0x037c0bd0       0xac /opt/devkitpro/calico/lib/libcalico_ds7.a(blk.twl.32.o)
 .text._twlblkAesDmaRead
                0x037c0c7c       0xac /opt/devkitpro/calico/lib/libcalico_ds7.a(blk.twl.32.o)
 .text._twlblkDmaWrite
                0x037c0d28       0x70 /opt/devkitpro/calico/lib/libcalico_ds7.a(blk.twl.32.o)
 .text._twlblkDmaRead
                0x037c0d98       0x70 /opt/devkitpro/calico/lib/libcalico_ds7.a(blk.twl.32.o)
 .text.twlblkInit
                0x037c0e08       0xa8 /opt/devkitpro/calico/lib/libcalico_ds7.a(blk.twl.32.o)
                0x037c0e08                twlblkInit
 .text.twlSdInit
                0x037c0eb0       0x50 /opt/devkitpro/calico/lib/libcalico_ds7.a(blk.twl.32.o)
                0x037c0eb0                twlSdInit
 .text.twlNandInit
                0x037c0f00       0xdc /opt/devkitpro/calico/lib/libcalico_ds7.a(blk.twl.32.o)
                0x037c0f00                twlNandInit
 .text.twlSdIsInserted
                0x037c0fdc        0x8 /opt/devkitpro/calico/lib/libcalico_ds7.a(blk.twl.32.o)
                0x037c0fdc                twlSdIsInserted
 .text.twlSdReadSectors
                0x037c0fe4       0x44 /opt/devkitpro/calico/lib/libcalico_ds7.a(blk.twl.32.o)
                0x037c0fe4                twlSdReadSectors
 .text.twlSdWriteSectors
                0x037c1028       0x44 /opt/devkitpro/calico/lib/libcalico_ds7.a(blk.twl.32.o)
                0x037c1028                twlSdWriteSectors
 .text.twlNandReadSectors
                0x037c106c       0x44 /opt/devkitpro/calico/lib/libcalico_ds7.a(blk.twl.32.o)
                0x037c106c                twlNandReadSectors
 .text.twlNandWriteSectors
                0x037c10b0       0x44 /opt/devkitpro/calico/lib/libcalico_ds7.a(blk.twl.32.o)
                0x037c10b0                twlNandWriteSectors
 .text.twlNandReadSectorsAes
                0x037c10f4       0x90 /opt/devkitpro/calico/lib/libcalico_ds7.a(blk.twl.32.o)
                0x037c10f4                twlNandReadSectorsAes
 .text.twlNandWriteSectorsAes
                0x037c1184       0x90 /opt/devkitpro/calico/lib/libcalico_ds7.a(blk.twl.32.o)
                0x037c1184                twlNandWriteSectorsAes
 .text._twlwifiOnScanComplete
                0x037c1214       0x48 /opt/devkitpro/calico/lib/libcalico_ds7.a(wifi.twl.32.o)
 .text._twlwifiWpaInstallKey
                0x037c125c      0x114 /opt/devkitpro/calico/lib/libcalico_ds7.a(wifi.twl.32.o)
 .text._twlwifiWpaAllocPacket
                0x037c1370       0x18 /opt/devkitpro/calico/lib/libcalico_ds7.a(wifi.twl.32.o)
 .text._twlwifiOnDisassoc
                0x037c1388       0x64 /opt/devkitpro/calico/lib/libcalico_ds7.a(wifi.twl.32.o)
 .text._twlwifiOnAssoc
                0x037c13ec       0x94 /opt/devkitpro/calico/lib/libcalico_ds7.a(wifi.twl.32.o)
 .text._twlwifiOnBssInfo
                0x037c1480      0x104 /opt/devkitpro/calico/lib/libcalico_ds7.a(wifi.twl.32.o)
 .text._sdioIrqHandler
                0x037c1584       0x18 /opt/devkitpro/calico/lib/libcalico_ds7.a(wifi.twl.32.o)
 .text._twlwifiSdioDma
                0x037c159c       0x9c /opt/devkitpro/calico/lib/libcalico_ds7.a(wifi.twl.32.o)
 .text._twlwifiRx
                0x037c1638       0x50 /opt/devkitpro/calico/lib/libcalico_ds7.a(wifi.twl.32.o)
 .text.twlwifiInit
                0x037c1688      0x2c0 /opt/devkitpro/calico/lib/libcalico_ds7.a(wifi.twl.32.o)
                0x037c1688                twlwifiInit
 .text.twlwifiStartScan
                0x037c1948      0x1c4 /opt/devkitpro/calico/lib/libcalico_ds7.a(wifi.twl.32.o)
                0x037c1948                twlwifiStartScan
 .text.twlwifiAssociate
                0x037c1b0c      0x364 /opt/devkitpro/calico/lib/libcalico_ds7.a(wifi.twl.32.o)
                0x037c1b0c                twlwifiAssociate
 .text.twlwifiDisassociate
                0x037c1e70       0x54 /opt/devkitpro/calico/lib/libcalico_ds7.a(wifi.twl.32.o)
                0x037c1e70                twlwifiDisassociate
 .text.twlwifiExit
                0x037c1ec4       0x88 /opt/devkitpro/calico/lib/libcalico_ds7.a(wifi.twl.32.o)
                0x037c1ec4                twlwifiExit
 .text.twlwifiTx
                0x037c1f4c       0x30 /opt/devkitpro/calico/lib/libcalico_ds7.a(wifi.twl.32.o)
                0x037c1f4c                twlwifiTx
 .text._twlwifiWpaTx
                0x037c1f7c        0x8 /opt/devkitpro/calico/lib/libcalico_ds7.a(wifi.twl.32.o)
 .text._wpaRsnSnagGtk
                0x037c1f84       0x84 /opt/devkitpro/calico/lib/libcalico_ds7.a(wpa.twl.32.o)
 .text._wpaEapolCalcMic
                0x037c2008       0x90 /opt/devkitpro/calico/lib/libcalico_ds7.a(wpa.twl.32.o)
 .text._wpaEapolCreateReplyPacket
                0x037c2098      0x140 /opt/devkitpro/calico/lib/libcalico_ds7.a(wpa.twl.32.o)
 .text._wpaPairwiseHandshake34
                0x037c21d8      0x104 /opt/devkitpro/calico/lib/libcalico_ds7.a(wpa.twl.32.o)
 .text._wpaGroupHandshake
                0x037c22dc       0xdc /opt/devkitpro/calico/lib/libcalico_ds7.a(wpa.twl.32.o)
 .text.wpaPseudoRandomFunction
                0x037c23b8       0x90 /opt/devkitpro/calico/lib/libcalico_ds7.a(wpa.twl.32.o)
                0x037c23b8                wpaPseudoRandomFunction
 .text._wpaPairwiseHandshake12
                0x037c2448      0x188 /opt/devkitpro/calico/lib/libcalico_ds7.a(wpa.twl.32.o)
 .text.wpaAesUnwrap
                0x037c25d0      0x118 /opt/devkitpro/calico/lib/libcalico_ds7.a(wpa.twl.32.o)
                0x037c25d0                wpaAesUnwrap
 .text.wpaPrepare
                0x037c26e8       0x2c /opt/devkitpro/calico/lib/libcalico_ds7.a(wpa.twl.32.o)
                0x037c26e8                wpaPrepare
 .text.wpaReset
                0x037c2714       0x2c /opt/devkitpro/calico/lib/libcalico_ds7.a(wpa.twl.32.o)
                0x037c2714                wpaReset
 .text.wpaSupplicantThreadMain
                0x037c2740      0x2bc /opt/devkitpro/calico/lib/libcalico_ds7.a(wpa.twl.32.o)
                0x037c2740                wpaSupplicantThreadMain
 .text.wpaHmacSha1
                0x037c29fc      0x104 /opt/devkitpro/calico/lib/libcalico_ds7.a(wpa_hmac_sha1.twl.32.o)
                0x037c29fc                wpaHmacSha1
 .text.wpaGenerateEapolNonce
                0x037c2b00       0xcc /opt/devkitpro/calico/lib/libcalico_ds7.a(wpa_hmac_sha1.twl.32.o)
                0x037c2b00                wpaGenerateEapolNonce
 .text.wpaAesSetEncryptKey
                0x037c2bcc      0x340 /opt/devkitpro/calico/lib/libcalico_ds7.a(wpa_aes.twl.o)
                0x037c2bcc                wpaAesSetEncryptKey
 .text.wpaAesSetDecryptKey
                0x037c2f0c       0x20 /opt/devkitpro/calico/lib/libcalico_ds7.a(wpa_aes.twl.o)
                0x037c2f0c                wpaAesSetDecryptKey
 .text._armAesSetEncToDecKey
                0x037c2f2c      0x128 /opt/devkitpro/calico/lib/libcalico_ds7.a(wpa_aes.twl.o)
 .text.wpaAesDecrypt
                0x037c3054      0x104 /opt/devkitpro/calico/lib/libcalico_ds7.a(wpa_aes.twl.o)
                0x037c3054                wpaAesDecrypt
 .text._armAesDecryptImpl
                0x037c3158      0x1f8 /opt/devkitpro/calico/lib/libcalico_ds7.a(wpa_aes.twl.o)
 .text.svcSha1InitTWL
                0x037c3350        0x4 /opt/devkitpro/calico/lib/libcalico_ds7.a(bios.twl.o)
                0x037c3350                svcSha1InitTWL
 .text.svcSha1UpdateTWL
                0x037c3354        0x4 /opt/devkitpro/calico/lib/libcalico_ds7.a(bios.twl.o)
                0x037c3354                svcSha1UpdateTWL
 .text.svcSha1DigestTWL
                0x037c3358        0x4 /opt/devkitpro/calico/lib/libcalico_ds7.a(bios.twl.o)
                0x037c3358                svcSha1DigestTWL
 .text.svcSha1CalcTWL
                0x037c335c        0x4 /opt/devkitpro/calico/lib/libcalico_ds7.a(bios.twl.o)
                0x037c335c                svcSha1CalcTWL
 .text.tmioAckPortCardIrq.part.0
                0x037c3360       0x84 /opt/devkitpro/calico/lib/libcalico_ds7.a(tmio.twl.32.o)
 .text.tmioInit
                0x037c33e4       0xb0 /opt/devkitpro/calico/lib/libcalico_ds7.a(tmio.twl.32.o)
                0x037c33e4                tmioInit
 .text.tmioSetPortCardIrqHandler
                0x037c3494       0x6c /opt/devkitpro/calico/lib/libcalico_ds7.a(tmio.twl.32.o)
                0x037c3494                tmioSetPortCardIrqHandler
 .text.tmioAckPortCardIrq
                0x037c3500        0xc /opt/devkitpro/calico/lib/libcalico_ds7.a(tmio.twl.32.o)
                0x037c3500                tmioAckPortCardIrq
 .text.tmioIrqHandler
                0x037c350c      0x260 /opt/devkitpro/calico/lib/libcalico_ds7.a(tmio.twl.32.o)
                0x037c350c                tmioIrqHandler
 .text.tmioThreadMain
                0x037c376c      0x3b0 /opt/devkitpro/calico/lib/libcalico_ds7.a(tmio.twl.32.o)
                0x037c376c                tmioThreadMain
 .text.tmioTransact
                0x037c3b1c       0x88 /opt/devkitpro/calico/lib/libcalico_ds7.a(tmio.twl.32.o)
                0x037c3b1c                tmioTransact
 .text.tmioThreadCancel
                0x037c3ba4       0x34 /opt/devkitpro/calico/lib/libcalico_ds7.a(tmio.twl.32.o)
                0x037c3ba4                tmioThreadCancel
 .text.tmioXferRecvByCpu
                0x037c3bd8       0x90 /opt/devkitpro/calico/lib/libcalico_ds7.a(tmio.twl.32.o)
                0x037c3bd8                tmioXferRecvByCpu
 .text.tmioXferSendByCpu
                0x037c3c68       0x88 /opt/devkitpro/calico/lib/libcalico_ds7.a(tmio.twl.32.o)
                0x037c3c68                tmioXferSendByCpu
 .text.tmioDecodeTranSpeed
                0x037c3cf0       0x48 /opt/devkitpro/calico/lib/libcalico_ds7.a(tmio.twl.32.o)
                0x037c3cf0                tmioDecodeTranSpeed
 .text._sdmmcTransact
                0x037c3d38       0x6c /opt/devkitpro/calico/lib/libcalico_ds7.a(sdmmc.twl.32.o)
 .text._sdmmcCardReadWriteSectors
                0x037c3da4       0x68 /opt/devkitpro/calico/lib/libcalico_ds7.a(sdmmc.twl.32.o)
 .text.sdmmcCardInit
                0x037c3e0c      0x51c /opt/devkitpro/calico/lib/libcalico_ds7.a(sdmmc.twl.32.o)
                0x037c3e0c                sdmmcCardInit
 .text.sdmmcCardInitFromState
                0x037c4328      0x1e0 /opt/devkitpro/calico/lib/libcalico_ds7.a(sdmmc.twl.32.o)
                0x037c4328                sdmmcCardInitFromState
 .text.sdmmcCardDumpState
                0x037c4508      0x138 /opt/devkitpro/calico/lib/libcalico_ds7.a(sdmmc.twl.32.o)
                0x037c4508                sdmmcCardDumpState
 .text.sdmmcCardReadSectors
                0x037c4640       0x20 /opt/devkitpro/calico/lib/libcalico_ds7.a(sdmmc.twl.32.o)
                0x037c4640                sdmmcCardReadSectors
 .text.sdmmcCardWriteSectors
                0x037c4660       0x20 /opt/devkitpro/calico/lib/libcalico_ds7.a(sdmmc.twl.32.o)
                0x037c4660                sdmmcCardWriteSectors
 .text._sdioCardReadWriteExtended
                0x037c4680      0x108 /opt/devkitpro/calico/lib/libcalico_ds7.a(sdio.twl.32.o)
 .text.sdioCardReadDirect
                0x037c4788       0x9c /opt/devkitpro/calico/lib/libcalico_ds7.a(sdio.twl.32.o)
                0x037c4788                sdioCardReadDirect
 .text.sdioCardWriteDirect
                0x037c4824       0xa4 /opt/devkitpro/calico/lib/libcalico_ds7.a(sdio.twl.32.o)
                0x037c4824                sdioCardWriteDirect
 .text.sdioCardInit
                0x037c48c8      0x548 /opt/devkitpro/calico/lib/libcalico_ds7.a(sdio.twl.32.o)
                0x037c48c8                sdioCardInit
 .text.sdioCardSetIrqEnable
                0x037c4e10       0xa4 /opt/devkitpro/calico/lib/libcalico_ds7.a(sdio.twl.32.o)
                0x037c4e10                sdioCardSetIrqEnable
 .text.sdioCardReadExtended
                0x037c4eb4       0x40 /opt/devkitpro/calico/lib/libcalico_ds7.a(sdio.twl.32.o)
                0x037c4eb4                sdioCardReadExtended
 .text.sdioCardWriteExtended
                0x037c4ef4       0x40 /opt/devkitpro/calico/lib/libcalico_ds7.a(sdio.twl.32.o)
                0x037c4ef4                sdioCardWriteExtended
 .text._ar6kCardIrqHandler
                0x037c4f34       0x24 /opt/devkitpro/calico/lib/libcalico_ds7.a(ar6k.twl.32.o)
 .text._ar6kDevSetAddrWinReg
                0x037c4f58       0x5c /opt/devkitpro/calico/lib/libcalico_ds7.a(ar6k.twl.32.o)
 .text._ar6kWmiAllocPacket.constprop.0
                0x037c4fb4       0x38 /opt/devkitpro/calico/lib/libcalico_ds7.a(ar6k.twl.32.o)
 .text.ar6kDevThreadCancel
                0x037c4fec       0x34 /opt/devkitpro/calico/lib/libcalico_ds7.a(ar6k.twl.32.o)
                0x037c4fec                ar6kDevThreadCancel
 .text.ar6kDevReadRegDiag
                0x037c5020       0x50 /opt/devkitpro/calico/lib/libcalico_ds7.a(ar6k.twl.32.o)
                0x037c5020                ar6kDevReadRegDiag
 .text.ar6kDevWriteRegDiag
                0x037c5070       0x5c /opt/devkitpro/calico/lib/libcalico_ds7.a(ar6k.twl.32.o)
                0x037c5070                ar6kDevWriteRegDiag
 .text._ar6kDevSetIrqEnable
                0x037c50cc       0x60 /opt/devkitpro/calico/lib/libcalico_ds7.a(ar6k.twl.32.o)
                0x037c50cc                _ar6kDevSetIrqEnable
 .text._ar6kDevPollMboxMsgRecv
                0x037c512c       0x8c /opt/devkitpro/calico/lib/libcalico_ds7.a(ar6k.twl.32.o)
                0x037c512c                _ar6kDevPollMboxMsgRecv
 .text._ar6kDevSendPacket
                0x037c51b8       0x30 /opt/devkitpro/calico/lib/libcalico_ds7.a(ar6k.twl.32.o)
                0x037c51b8                _ar6kDevSendPacket
 .text._ar6kDevRecvPacket
                0x037c51e8       0x30 /opt/devkitpro/calico/lib/libcalico_ds7.a(ar6k.twl.32.o)
                0x037c51e8                _ar6kDevRecvPacket
 .text._ar6kHtcWaitforControlMessage
                0x037c5218       0x78 /opt/devkitpro/calico/lib/libcalico_ds7.a(ar6k.twl.32.o)
 .text.ar6kBmiBufferSend
                0x037c5290       0x74 /opt/devkitpro/calico/lib/libcalico_ds7.a(ar6k.twl.32.o)
                0x037c5290                ar6kBmiBufferSend
 .text.ar6kBmiBufferRecv
                0x037c5304       0x28 /opt/devkitpro/calico/lib/libcalico_ds7.a(ar6k.twl.32.o)
                0x037c5304                ar6kBmiBufferRecv
 .text.ar6kBmiDone
                0x037c532c       0x24 /opt/devkitpro/calico/lib/libcalico_ds7.a(ar6k.twl.32.o)
                0x037c532c                ar6kBmiDone
 .text.ar6kBmiWriteMemory
                0x037c5350       0xa8 /opt/devkitpro/calico/lib/libcalico_ds7.a(ar6k.twl.32.o)
                0x037c5350                ar6kBmiWriteMemory
 .text.ar6kBmiWriteSocReg
                0x037c53f8       0x2c /opt/devkitpro/calico/lib/libcalico_ds7.a(ar6k.twl.32.o)
                0x037c53f8                ar6kBmiWriteSocReg
 .text.ar6kBmiGetTargetInfo
                0x037c5424       0xa4 /opt/devkitpro/calico/lib/libcalico_ds7.a(ar6k.twl.32.o)
                0x037c5424                ar6kBmiGetTargetInfo
 .text._ar6kHtcSendPacket
                0x037c54c8      0x128 /opt/devkitpro/calico/lib/libcalico_ds7.a(ar6k.twl.32.o)
                0x037c54c8                _ar6kHtcSendPacket
 .text._ar6kWmiSendCmdPacket
                0x037c55f0       0x5c /opt/devkitpro/calico/lib/libcalico_ds7.a(ar6k.twl.32.o)
 .text.ar6kHtcInit
                0x037c564c       0x4c /opt/devkitpro/calico/lib/libcalico_ds7.a(ar6k.twl.32.o)
                0x037c564c                ar6kHtcInit
 .text.ar6kHtcConnectService
                0x037c5698       0xec /opt/devkitpro/calico/lib/libcalico_ds7.a(ar6k.twl.32.o)
                0x037c5698                ar6kHtcConnectService
 .text.ar6kHtcSetupComplete
                0x037c5784       0x30 /opt/devkitpro/calico/lib/libcalico_ds7.a(ar6k.twl.32.o)
                0x037c5784                ar6kHtcSetupComplete
 .text.ar6kDevInit
                0x037c57b4      0x368 /opt/devkitpro/calico/lib/libcalico_ds7.a(ar6k.twl.32.o)
                0x037c57b4                ar6kDevInit
 .text._ar6kWmiEventRx
                0x037c5b1c      0x29c /opt/devkitpro/calico/lib/libcalico_ds7.a(ar6k.twl.32.o)
                0x037c5b1c                _ar6kWmiEventRx
 .text._ar6kWmiDataRx
                0x037c5db8      0x114 /opt/devkitpro/calico/lib/libcalico_ds7.a(ar6k.twl.32.o)
                0x037c5db8                _ar6kWmiDataRx
 .text._ar6kHtcRecvMessagePendingHandler
                0x037c5ecc      0x28c /opt/devkitpro/calico/lib/libcalico_ds7.a(ar6k.twl.32.o)
                0x037c5ecc                _ar6kHtcRecvMessagePendingHandler
 .text.ar6kDevThreadMain
                0x037c6158       0xec /opt/devkitpro/calico/lib/libcalico_ds7.a(ar6k.twl.32.o)
                0x037c6158                ar6kDevThreadMain
 .text.ar6kWmiTx
                0x037c6244      0x158 /opt/devkitpro/calico/lib/libcalico_ds7.a(ar6k.twl.32.o)
                0x037c6244                ar6kWmiTx
 .text.ar6kWmiSimpleCmd
                0x037c639c       0x30 /opt/devkitpro/calico/lib/libcalico_ds7.a(ar6k.twl.32.o)
                0x037c639c                ar6kWmiSimpleCmd
 .text.ar6kWmiSimpleCmdWithParam8
                0x037c63cc       0x38 /opt/devkitpro/calico/lib/libcalico_ds7.a(ar6k.twl.32.o)
                0x037c63cc                ar6kWmiSimpleCmdWithParam8
 .text.ar6kWmiSimpleCmdWithParam32
                0x037c6404       0x38 /opt/devkitpro/calico/lib/libcalico_ds7.a(ar6k.twl.32.o)
                0x037c6404                ar6kWmiSimpleCmdWithParam32
 .text.ar6kWmiConnect
                0x037c643c       0x5c /opt/devkitpro/calico/lib/libcalico_ds7.a(ar6k.twl.32.o)
                0x037c643c                ar6kWmiConnect
 .text.ar6kWmiCreatePstream
                0x037c6498       0x40 /opt/devkitpro/calico/lib/libcalico_ds7.a(ar6k.twl.32.o)
                0x037c6498                ar6kWmiCreatePstream
 .text.ar6kWmiStartScan
                0x037c64d8       0x50 /opt/devkitpro/calico/lib/libcalico_ds7.a(ar6k.twl.32.o)
                0x037c64d8                ar6kWmiStartScan
 .text.ar6kWmiSetScanParams
                0x037c6528       0x4c /opt/devkitpro/calico/lib/libcalico_ds7.a(ar6k.twl.32.o)
                0x037c6528                ar6kWmiSetScanParams
 .text.ar6kWmiSetBssFilter
                0x037c6574       0x3c /opt/devkitpro/calico/lib/libcalico_ds7.a(ar6k.twl.32.o)
                0x037c6574                ar6kWmiSetBssFilter
 .text.ar6kWmiSetProbedSsid
                0x037c65b0       0x40 /opt/devkitpro/calico/lib/libcalico_ds7.a(ar6k.twl.32.o)
                0x037c65b0                ar6kWmiSetProbedSsid
 .text.ar6kWmiSetChannelParams
                0x037c65f0       0xdc /opt/devkitpro/calico/lib/libcalico_ds7.a(ar6k.twl.32.o)
                0x037c65f0                ar6kWmiSetChannelParams
 .text.ar6kWmiAddCipherKey
                0x037c66cc       0x40 /opt/devkitpro/calico/lib/libcalico_ds7.a(ar6k.twl.32.o)
                0x037c66cc                ar6kWmiAddCipherKey
 .text.ar6kWmiSetFrameRate
                0x037c670c       0x54 /opt/devkitpro/calico/lib/libcalico_ds7.a(ar6k.twl.32.o)
                0x037c670c                ar6kWmiSetFrameRate
 .text.ar6kWmiSetBitRate
                0x037c6760       0x44 /opt/devkitpro/calico/lib/libcalico_ds7.a(ar6k.twl.32.o)
                0x037c6760                ar6kWmiSetBitRate
 .text.ar6kWmixConfigDebugModuleCmd
                0x037c67a4       0x48 /opt/devkitpro/calico/lib/libcalico_ds7.a(ar6k.twl.32.o)
                0x037c67a4                ar6kWmixConfigDebugModuleCmd
 .text.ar6kWmiStartup
                0x037c67ec       0xa8 /opt/devkitpro/calico/lib/libcalico_ds7.a(ar6k.twl.32.o)
                0x037c67ec                ar6kWmiStartup
 *fill*         0x037c6894        0x4 ff
 .text.ar6kWmiStartup.__stub
                0x037c6898      0x158 linker stubs
 *.twl.*(.glue_7t .glue_7 .vfp11_veneer .v4_bx)
 *.twl.*(.rodata .rodata.* .gnu.linkonce.r.*)
 .rodata.dummy_scan_params.0
                0x037c6a60       0x14 /opt/devkitpro/calico/lib/libcalico_ds7.a(wifi.twl.32.o)
 .rodata.cipher.1
                0x037c6a74        0x4 /opt/devkitpro/calico/lib/libcalico_ds7.a(wifi.twl.32.o)
 .rodata.authtype.2
                0x037c6a78        0x4 /opt/devkitpro/calico/lib/libcalico_ds7.a(wifi.twl.32.o)
 .rodata.key_length.3
                0x037c6a7c        0x3 /opt/devkitpro/calico/lib/libcalico_ds7.a(wifi.twl.32.o)
 *fill*         0x037c6a7f        0x1 ff
 .rodata.pstream_params.4
                0x037c6a80       0x40 /opt/devkitpro/calico/lib/libcalico_ds7.a(wifi.twl.32.o)
 .rodata.dummy_scan_params.5
                0x037c6ac0       0x14 /opt/devkitpro/calico/lib/libcalico_ds7.a(wifi.twl.32.o)
 .rodata.dummy_probed_ssid.6
                0x037c6ad4       0x23 /opt/devkitpro/calico/lib/libcalico_ds7.a(wifi.twl.32.o)
 .rodata.s_macAny
                0x037c6af7        0x6 /opt/devkitpro/calico/lib/libcalico_ds7.a(wifi.twl.32.o)
 .rodata._wpaPairwiseHandshake12.str1.1
                0x037c6afd       0x17 /opt/devkitpro/calico/lib/libcalico_ds7.a(wpa.twl.32.o)
 .rodata._armAesTableEncode
                0x037c6b14      0x540 /opt/devkitpro/calico/lib/libcalico_ds7.a(wpa_aes.twl.o)
 .rodata._armAesTableDecode
                0x037c7054      0x500 /opt/devkitpro/calico/lib/libcalico_ds7.a(wpa_aes.twl.o)
 .rodata.multipliers.0
                0x037c7554       0x10 /opt/devkitpro/calico/lib/libcalico_ds7.a(tmio.twl.32.o)
 .rodata.units.1
                0x037c7564        0x8 /opt/devkitpro/calico/lib/libcalico_ds7.a(tmio.twl.32.o)
 .rodata._ar6kWmiEventRx
                0x037c756c       0x10 /opt/devkitpro/calico/lib/libcalico_ds7.a(ar6k.twl.32.o)
 *.twl.*(.rodata1)
                0x037c757c                        . = ALIGN (0x4)

.twl.rw         0x037c757c        0x4 load address 0x02e8757c
 *.twl.*(.data .data.* .gnu.linkonce.d.*)
 .data.s_cdcCurPage
                0x037c757c        0x1 /opt/devkitpro/calico/lib/libcalico_ds7.a(codec.twl.o)
 *.twl.*(.data1)
                0x037c7580                        . = ALIGN (0x4)
 *fill*         0x037c757d        0x3 ff
                0x02e80000                        PROVIDE (__twl_lma = LOADADDR (.twl))
                0x037c0000                        PROVIDE (__twl_start = ADDR (.twl))
                0x037c757c                        PROVIDE (__twl_end = (ADDR (.twl) + SIZEOF (.twl)))

.twl.bss        0x037c7580     0x2728 load address 0x02e87580
 *(.twl_bss .twl_bss.*)
 *.twl.*(.dynbss)
 *.twl.*(.bss .bss.* .gnu.linkonce.b.*)
 .bss.s_i2cMcuDelay
                0x037c7580        0x4 /opt/devkitpro/calico/lib/libcalico_ds7.a(i2c.twl.o)
 .bss.s_i2cDelay
                0x037c7584        0x4 /opt/devkitpro/calico/lib/libcalico_ds7.a(i2c.twl.o)
 .bss.g_i2cMutex
                0x037c7588        0x4 /opt/devkitpro/calico/lib/libcalico_ds7.a(i2c.twl.o)
                0x037c7588                g_i2cMutex
 .bss.s_mcuIrqTable
                0x037c758c       0x20 /opt/devkitpro/calico/lib/libcalico_ds7.a(mcu.twl.o)
 *fill*         0x037c75ac        0x4 
 .bss.s_mcuThreadStack
                0x037c75b0      0x200 /opt/devkitpro/calico/lib/libcalico_ds7.a(mcu.twl.o)
 .bss.s_mcuThread
                0x037c77b0       0x70 /opt/devkitpro/calico/lib/libcalico_ds7.a(mcu.twl.o)
 .bss.g_mcuPwrBtnState
                0x037c7820        0x1 /opt/devkitpro/calico/lib/libcalico_ds7.a(mcu.twl.o)
                0x037c7820                g_mcuPwrBtnState
 *fill*         0x037c7821        0x3 
 .bss.s_sdmcNandAesIv
                0x037c7824       0x10 /opt/devkitpro/calico/lib/libcalico_ds7.a(blk.twl.32.o)
 .bss.s_sdmcDevNand
                0x037c7834       0x38 /opt/devkitpro/calico/lib/libcalico_ds7.a(blk.twl.32.o)
 .bss.s_sdmcDevSd
                0x037c786c       0x38 /opt/devkitpro/calico/lib/libcalico_ds7.a(blk.twl.32.o)
 *fill*         0x037c78a4        0x4 
 .bss.s_sdmcThreadStack
                0x037c78a8      0x400 /opt/devkitpro/calico/lib/libcalico_ds7.a(blk.twl.32.o)
 .bss.s_sdmcThread
                0x037c7ca8       0x70 /opt/devkitpro/calico/lib/libcalico_ds7.a(blk.twl.32.o)
 .bss.s_sdmcCtlBuf
                0x037c7d18       0x10 /opt/devkitpro/calico/lib/libcalico_ds7.a(blk.twl.32.o)
 .bss.s_sdmcCtl
                0x037c7d28       0x28 /opt/devkitpro/calico/lib/libcalico_ds7.a(blk.twl.32.o)
 .bss.s_assocVars
                0x037c7d50        0xc /opt/devkitpro/calico/lib/libcalico_ds7.a(wifi.twl.32.o)
 .bss.s_scanVars
                0x037c7d5c       0x18 /opt/devkitpro/calico/lib/libcalico_ds7.a(wifi.twl.32.o)
 .bss.s_wpaIeBuf
                0x037c7d74       0x20 /opt/devkitpro/calico/lib/libcalico_ds7.a(wifi.twl.32.o)
 *fill*         0x037c7d94        0x4 
 .bss.s_wpaState
                0x037c7d98       0xd0 /opt/devkitpro/calico/lib/libcalico_ds7.a(wifi.twl.32.o)
 .bss.s_ar6kWorkBuf
                0x037c7e68      0x820 /opt/devkitpro/calico/lib/libcalico_ds7.a(wifi.twl.32.o)
 .bss.s_ar6kDev
                0x037c8688       0x70 /opt/devkitpro/calico/lib/libcalico_ds7.a(wifi.twl.32.o)
 .bss.s_sdioCard
                0x037c86f8       0x14 /opt/devkitpro/calico/lib/libcalico_ds7.a(wifi.twl.32.o)
 *fill*         0x037c870c        0x4 
 .bss.s_wpaSupplicantThreadStack
                0x037c8710      0x800 /opt/devkitpro/calico/lib/libcalico_ds7.a(wifi.twl.32.o)
 .bss.s_wpaSupplicantThread
                0x037c8f10       0x70 /opt/devkitpro/calico/lib/libcalico_ds7.a(wifi.twl.32.o)
 .bss.s_sdioIrqThreadStack
                0x037c8f80      0x800 /opt/devkitpro/calico/lib/libcalico_ds7.a(wifi.twl.32.o)
 .bss.s_sdioIrqThread
                0x037c9780       0x70 /opt/devkitpro/calico/lib/libcalico_ds7.a(wifi.twl.32.o)
 .bss.s_sdioThreadStack
                0x037c97f0      0x400 /opt/devkitpro/calico/lib/libcalico_ds7.a(wifi.twl.32.o)
 .bss.s_sdioThread
                0x037c9bf0       0x70 /opt/devkitpro/calico/lib/libcalico_ds7.a(wifi.twl.32.o)
 .bss.s_sdioCtlBuf
                0x037c9c60        0x8 /opt/devkitpro/calico/lib/libcalico_ds7.a(wifi.twl.32.o)
 .bss.s_sdioCtl
                0x037c9c68       0x28 /opt/devkitpro/calico/lib/libcalico_ds7.a(wifi.twl.32.o)
 .bss.s_tmioTxEndQueue
                0x037c9c90        0x8 /opt/devkitpro/calico/lib/libcalico_ds7.a(tmio.twl.32.o)
 .bss.s_tmioIrqQueue
                0x037c9c98        0x8 /opt/devkitpro/calico/lib/libcalico_ds7.a(tmio.twl.32.o)
 .bss.s_ar6kCreditWaitList
                0x037c9ca0        0x8 /opt/devkitpro/calico/lib/libcalico_ds7.a(ar6k.twl.32.o)
 *.twl.*(COMMON)
                0x037c9ca8                        . = ALIGN (0x4)
                [!provide]                        PROVIDE (__twl_bss_start = ADDR (.twl.bss))
                0x037c9ca8                        PROVIDE (__twl_bss_end = (ADDR (.twl.bss) + SIZEOF (.twl.bss)))

.main           0x02fcc000     0x121c load address 0x02380610
 *(SORT_NONE(.init))
 .init          0x02fcc000        0x4 /opt/devkitpro/devkitARM/bin/../lib/gcc/arm-none-eabi/14.2.0/thumb/crti.o
                0x02fcc000                _init
 .init          0x02fcc004        0x8 /opt/devkitpro/devkitARM/bin/../lib/gcc/arm-none-eabi/14.2.0/thumb/crtn.o
 *(.main .main.* .text.frame_dummy .text.exit .text.__call_exitprocs .text.__do_global_dtors_aux .text.__libc_fini_array .text._exit .text._pmJumpToBootstub .text._pmJumpToNextApp .text._*_r)
 .text.__do_global_dtors_aux
                0x02fcc00c       0x2c /opt/devkitpro/devkitARM/bin/../lib/gcc/arm-none-eabi/14.2.0/thumb/crtbegin.o
 .text.frame_dummy
                0x02fcc038       0x24 /opt/devkitpro/devkitARM/bin/../lib/gcc/arm-none-eabi/14.2.0/thumb/crtbegin.o
 .main.mmtables
                0x02fcc05c      0x740 /opt/devkitpro/libnds/lib/libmm7.a(mm_mas.o)
                0x02fcc05c                ST3_FREQTABLE
                0x02fcc47c                IT_PitchTable
 .text._pmJumpToNextApp
                0x02fcc79c       0xbc /opt/devkitpro/calico/lib/libcalico_ds7.a(pm.o)
 .text._pmJumpToBootstub
                0x02fcc858       0x40 /opt/devkitpro/calico/lib/libcalico_ds7.a(pm.o)
 .text.__call_exitprocs
                0x02fcc898        0xc /opt/devkitpro/devkitARM/bin/../lib/gcc/arm-none-eabi/14.2.0/../../../../arm-none-eabi/lib/thumb/libg.a(libc_a-exit.o)
                0x02fcc898                __call_exitprocs
 .text.exit     0x02fcc8a4       0x24 /opt/devkitpro/devkitARM/bin/../lib/gcc/arm-none-eabi/14.2.0/../../../../arm-none-eabi/lib/thumb/libg.a(libc_a-exit.o)
                0x02fcc8a4                exit
 .text.__libc_fini_array
                0x02fcc8c8       0x30 /opt/devkitpro/devkitARM/bin/../lib/gcc/arm-none-eabi/14.2.0/../../../../arm-none-eabi/lib/thumb/libg.a(libc_a-fini.o)
                0x02fcc8c8                __libc_fini_array
 .text._exit    0x02fcc8f8       0x14 /opt/devkitpro/devkitARM/bin/../lib/gcc/arm-none-eabi/14.2.0/../../../../arm-none-eabi/lib/thumb/libsysbase.a(libsysbase_libsysbase_a-_exit.o)
                0x02fcc8f8                _exit
 *.16.o(.text .stub .text.* .gnu.linkonce.t.*)
 .text.mwlCalibLoad
                0x02fcc90c       0x4c /opt/devkitpro/calico/lib/libcalico_ds7.a(mwl_calib.16.o)
                0x02fcc90c                mwlCalibLoad
 .text._mwlRfInit
                0x02fcc958       0xb4 /opt/devkitpro/calico/lib/libcalico_ds7.a(mwl_dev_base.16.o)
 .text.mwlDevWakeUp
                0x02fcca0c       0x5c /opt/devkitpro/calico/lib/libcalico_ds7.a(mwl_dev_base.16.o)
                0x02fcca0c                mwlDevWakeUp
 .text.mwlDevSetChannel
                0x02fcca68      0x124 /opt/devkitpro/calico/lib/libcalico_ds7.a(mwl_dev_base.16.o)
                0x02fcca68                mwlDevSetChannel
 .text.mwlDevSetMode
                0x02fccb8c       0x8c /opt/devkitpro/calico/lib/libcalico_ds7.a(mwl_dev_base.16.o)
                0x02fccb8c                mwlDevSetMode
 .text.mwlDevSetBssid
                0x02fccc18       0x64 /opt/devkitpro/calico/lib/libcalico_ds7.a(mwl_dev_base.16.o)
                0x02fccc18                mwlDevSetBssid
 .text.mwlDevSetSsid
                0x02fccc7c       0x28 /opt/devkitpro/calico/lib/libcalico_ds7.a(mwl_dev_base.16.o)
                0x02fccc7c                mwlDevSetSsid
 .text.mwlDevSetPreamble
                0x02fccca4       0x40 /opt/devkitpro/calico/lib/libcalico_ds7.a(mwl_dev_base.16.o)
                0x02fccca4                mwlDevSetPreamble
 .text.mwlDevReset
                0x02fccce4       0xcc /opt/devkitpro/calico/lib/libcalico_ds7.a(mwl_dev_base.16.o)
                0x02fccce4                mwlDevReset
 .text.mwlDevSetAuth
                0x02fccdb0       0x74 /opt/devkitpro/calico/lib/libcalico_ds7.a(mwl_dev_base.16.o)
                0x02fccdb0                mwlDevSetAuth
 .text.mwlDevShutdown
                0x02fcce24       0x48 /opt/devkitpro/calico/lib/libcalico_ds7.a(mwl_dev_base.16.o)
                0x02fcce24                mwlDevShutdown
 .text._mwlMgmtMakeProbeReq
                0x02fcce6c       0x9c /opt/devkitpro/calico/lib/libcalico_ds7.a(mwl_mgmt_frame.16.o)
                0x02fcce6c                _mwlMgmtMakeProbeReq
 .text._mwlMgmtMakeAuth
                0x02fccf08       0xa4 /opt/devkitpro/calico/lib/libcalico_ds7.a(mwl_mgmt_frame.16.o)
                0x02fccf08                _mwlMgmtMakeAuth
 .text._mwlMgmtMakeAssocReq
                0x02fccfac       0xd8 /opt/devkitpro/calico/lib/libcalico_ds7.a(mwl_mgmt_frame.16.o)
                0x02fccfac                _mwlMgmtMakeAssocReq
 .text._mwlMgmtMakeDeauth
                0x02fcd084       0x64 /opt/devkitpro/calico/lib/libcalico_ds7.a(mwl_mgmt_frame.16.o)
                0x02fcd084                _mwlMgmtMakeDeauth
 *.16.o(.glue_7t .glue_7 .vfp11_veneer .v4_bx)
 *(SORT_NONE(.fini))
 .fini          0x02fcd0e8        0x4 /opt/devkitpro/devkitARM/bin/../lib/gcc/arm-none-eabi/14.2.0/thumb/crti.o
                0x02fcd0e8                _fini
 .fini          0x02fcd0ec        0x8 /opt/devkitpro/devkitARM/bin/../lib/gcc/arm-none-eabi/14.2.0/thumb/crtn.o
 *fill*         0x02fcd0f4        0x4 ff
 .fini.__stub   0x02fcd0f8       0xa0 linker stubs
 *.16.o(.rodata .rodata.* .gnu.linkonce.r.*)
 .rodata.s_mwlMacInitRegs
                0x02fcd198       0x64 /opt/devkitpro/calico/lib/libcalico_ds7.a(mwl_dev_base.16.o)
 .rodata.s_mwlRfMacRegs
                0x02fcd1fc       0x20 /opt/devkitpro/calico/lib/libcalico_ds7.a(mwl_dev_base.16.o)
 *.16.o(.rodata1)
                0x02fcd21c                        . = ALIGN (0x4)

.main.rw        0x02fcd21c        0x0 load address 0x0238182c
 *(.data._impure_data)
 *.16.o(.data .data.* .gnu.linkonce.d.*)
 *.16.o(.data1)
 *(.igot.plt)
 .igot.plt      0x02fcd21c        0x0 /opt/devkitpro/devkitARM/bin/../lib/gcc/arm-none-eabi/14.2.0/thumb/crtbegin.o
                0x02fcd21c                        . = ALIGN (0x4)

.ARM.extab
 *(.ARM.extab* .gnu.linkonce.armextab.*)

.ARM.exidx      0x02fcd21c        0x0 load address 0x0238182c
 *(.ARM.exidx* .gnu.linkonce.armexidx.*)
                [!provide]                        PROVIDE (__exidx_start = ADDR (.ARM.exidx))
                [!provide]                        PROVIDE (__exidx_end = (ADDR (.ARM.exidx) + SIZEOF (.ARM.exidx)))

.eh_frame_hdr
 *(.eh_frame_hdr)
 *(.eh_frame_entry .eh_frame_entry.*)

.eh_frame       0x02fcd21c        0x4 load address 0x0238182c
 *(.eh_frame)
 .eh_frame      0x02fcd21c        0x0 /opt/devkitpro/devkitARM/bin/../lib/gcc/arm-none-eabi/14.2.0/thumb/crtbegin.o
 .eh_frame      0x02fcd21c        0x4 /opt/devkitpro/devkitARM/bin/../lib/gcc/arm-none-eabi/14.2.0/thumb/crtend.o
 *(.eh_frame.*)

.gcc_except_table
 *(.gcc_except_table .gcc_except_table.*)

.gnu_extab
 *(.gnu_extab*)

.preinit_array  0x02fcd220        0x0 load address 0x02381830
                0x02fcd220                        PROVIDE (__preinit_array_start = .)
 *(.preinit_array)
                0x02fcd220                        PROVIDE (__preinit_array_end = .)

.init_array     0x02fcd220        0x4 load address 0x02381830
                0x02fcd220                        PROVIDE (__init_array_start = .)
 *(SORT_BY_INIT_PRIORITY(.init_array.*) SORT_BY_INIT_PRIORITY(.ctors.*))
 *(.init_array .ctors)
 .init_array    0x02fcd220        0x4 /opt/devkitpro/devkitARM/bin/../lib/gcc/arm-none-eabi/14.2.0/thumb/crtbegin.o
                0x02fcd224                        PROVIDE (__init_array_end = .)

.fini_array     0x02fcd224        0x4 load address 0x02381834
                0x02fcd224                        PROVIDE (__fini_array_start = .)
 *(SORT_BY_INIT_PRIORITY(.fini_array.*) SORT_BY_INIT_PRIORITY(.dtors.*))
 *(.fini_array .dtors)
 .fini_array    0x02fcd224        0x4 /opt/devkitpro/devkitARM/bin/../lib/gcc/arm-none-eabi/14.2.0/thumb/crtbegin.o
                0x02fcd228                        PROVIDE (__fini_array_end = .)
                0x02380610                        PROVIDE (__main_lma = LOADADDR (.main))
                0x02fcc000                        PROVIDE (__main_start = ADDR (.main))
                0x02fcd228                        PROVIDE (__main_end = (ADDR (.fini_array) + SIZEOF (.fini_array)))

.main.bss       0x02fcd228      0x1dc load address 0x02381838
 *(.sbss .sbss.*)
 *.16.o(.dynbss)
 *.16.o(.bss .bss.* .gnu.linkonce.b.*)
 .bss.g_mwlCalibData
                0x02fcd228      0x1d6 /opt/devkitpro/calico/lib/libcalico_ds7.a(mwl_calib.16.o)
                0x02fcd228                g_mwlCalibData
 *fill*         0x02fcd3fe        0x2 
 .bss.s_mwlRfBkReg
                0x02fcd400        0x4 /opt/devkitpro/calico/lib/libcalico_ds7.a(mwl_dev_base.16.o)
 *.16.o(COMMON)
                0x02fcd404                        . = ALIGN (0x4)
                [!provide]                        PROVIDE (__main_bss_start = ADDR (.main.bss))
                0x02fcd404                        PROVIDE (__main_bss_end = (ADDR (.main.bss) + SIZEOF (.main.bss)))
                0x02fcd404                        . = .
                0x02fcd404                        PROVIDE (__heap_start = .)
                0x02ff4000                        PROVIDE (__heap_end = (ORIGIN (main) + LENGTH (main)))

.wram           0x037f8000     0x9b34 load address 0x02381838
 *(.text.unlikely .text.*_unlikely .text.unlikely.*)
 *(.text.exit .text.exit.*)
 *(.text.startup .text.startup.*)
 .text.startup.main
                0x037f8000       0x88 template.o
                0x037f8000                main
 *(.text.hot .text.hot.*)
 *(.text .iplt .stub .text.* .gnu.linkonce.t.*)
 .iplt          0x037f8088        0x0 /opt/devkitpro/devkitARM/bin/../lib/gcc/arm-none-eabi/14.2.0/thumb/crtbegin.o
 .text._mmEventForwarder
                0x037f8088       0x24 /opt/devkitpro/libnds/lib/libmm7.a(mm_comms7.o)
 .text._mmPxiHandler
                0x037f80ac       0x20 /opt/devkitpro/libnds/lib/libmm7.a(mm_comms7.o)
 .text._mmTimerIsr
                0x037f80cc       0x48 /opt/devkitpro/libnds/lib/libmm7.a(mm_comms7.o)
 .text._mmProcessPxiCmd.isra.0
                0x037f8114      0x11c /opt/devkitpro/libnds/lib/libmm7.a(mm_comms7.o)
 .text._mmProcessComms
                0x037f8230       0xec /opt/devkitpro/libnds/lib/libmm7.a(mm_comms7.o)
 .text._mmThreadMain
                0x037f831c       0x98 /opt/devkitpro/libnds/lib/libmm7.a(mm_comms7.o)
 .text.mmInstall
                0x037f83b4       0x30 /opt/devkitpro/libnds/lib/libmm7.a(mm_comms7.o)
                0x037f83b4                mmInstall
 .text          0x037f83e4       0x14 /opt/devkitpro/libnds/lib/libmm7.a(mm_main.o)
                0x037f83e4                mpp_call_r7
                0x037f83e6                mpp_call_r1
                0x037f83e8                mpp_call_r2
                0x037f83ea                mpp_call_r3
                0x037f83ec                mmSetEventHandler
 .text          0x037f83f8      0x328 /opt/devkitpro/libnds/lib/libmm7.a(mm_effect.o)
                0x037f83f8                mmResetEffects
                0x037f8424                mmEffect
                0x037f843a                mmEffectEx
                0x037f854c                mmEffectActive
                0x037f8580                mmEffectVolume
                0x037f859c                mmEffectPanning
                0x037f85b0                mmEffectRate
                0x037f85c4                mmEffectCancel
                0x037f85fe                mmEffectRelease
                0x037f8624                mmEffectScaleRate
                0x037f8638                mmSetEffectsVolume
                0x037f8646                mmEffectCancelAll
                0x037f8686                mmUpdateEffects
 .text          0x037f8720     0x142c /opt/devkitpro/libnds/lib/libmm7.a(mm_mas.o)
                0x037f8770                mm_reset_channels
                0x037f87c6                mmStart
                0x037f87da                mmJingle
                0x037f87e0                mmPlayModule
                0x037f88a8                mmPause
                0x037f88c4                mmResume
                0x037f88d4                mmActive
                0x037f88da                mmActiveSub
                0x037f88e0                mmSetModuleVolume
                0x037f88f0                mmSetJingleVolume
                0x037f892c                mmGetPositionTick
                0x037f8932                mmGetPositionRow
                0x037f8938                mmGetPosition
                0x037f893e                mmPosition
                0x037f8958                mmSetModuleTempo
                0x037f898a                mmSetModulePitch
                0x037f89cc                mmSetResolution
                0x037f89fc                mmStop
                0x037f8ae4                mmPulse
                0x037f8b44                mppProcessTick
                0x037f8cc0                mpp_Channel_NewNote
                0x037f8dc8                mpp_Update_ACHN_notest
                0x037f91c6                mpp_Process_VolumeCommand
                0x037f93fe                mpp_Process_Effect
 .text          0x037f9b4c      0x648 /opt/devkitpro/libnds/lib/libmm7.a(mm_mas_arm.o)
                0x037f9b4c                mmAllocChannel
                0x037f9bc0                mmReadPattern
                0x037f9cac                mmUpdateChannel_T0
                0x037f9eec                mmUpdateChannel_TN
                0x037fa08c                mmGetPeriod
                0x037fa0d0                note_table_oct
                0x037fa0ee                note_table_mod
 .text          0x037fa194      0x134 /opt/devkitpro/libnds/lib/libmm7.a(mm_main7.o)
                0x037fa194                mmLockChannels
                0x037fa21e                mmUnlockChannels
                0x037fa230                mmIsInitialized
                0x037fa236                mmInit7
                0x037fa284                mmGetSoundBank
 .text          0x037fa2c8     0x1690 /opt/devkitpro/libnds/lib/libmm7.a(mm_mixer_super.o)
                0x037fa348                mmMixerPre
                0x037fa41c                mmMixerMix
                0x037faf68                mmVolumeTable
                0x037fb6de                mmMixerSetSource
                0x037fb6f4                mmMixerSetFreq
                0x037fb714                mmMixerMulFreq
                0x037fb72e                mmMixerStopChannel
                0x037fb738                mmMixerChannelActive
                0x037fb742                mmMixerSetVolume
                0x037fb74a                mmMixerSetPan
                0x037fb75c                mmMixerInit
                0x037fb75e                mmSelectMode
 .text.irqSet   0x037fb958       0x34 /opt/devkitpro/calico/lib/libcalico_ds7.a(irq.o)
                0x037fb958                irqSet
 .text.threadExit
                0x037fb98c       0x74 /opt/devkitpro/calico/lib/libcalico_ds7.a(thread_cold.o)
                0x037fb98c                threadExit
 .text._threadTickTask
                0x037fba00       0x20 /opt/devkitpro/calico/lib/libcalico_ds7.a(thread_cold.o)
 .text._threadInit
                0x037fba20       0x80 /opt/devkitpro/calico/lib/libcalico_ds7.a(thread_cold.o)
                0x037fba20                _threadInit
 .text.threadPrepare
                0x037fbaa0       0x6c /opt/devkitpro/calico/lib/libcalico_ds7.a(thread_cold.o)
                0x037fbaa0                threadPrepare
 .text.threadStart
                0x037fbb0c       0x88 /opt/devkitpro/calico/lib/libcalico_ds7.a(thread_cold.o)
                0x037fbb0c                threadStart
 .text.threadJoin
                0x037fbb94       0x48 /opt/devkitpro/calico/lib/libcalico_ds7.a(thread_cold.o)
                0x037fbb94                threadJoin
 .text.threadIrqWait
                0x037fbbdc       0x70 /opt/devkitpro/calico/lib/libcalico_ds7.a(thread_cold.o)
                0x037fbbdc                threadIrqWait
 .text.threadSleepTicks
                0x037fbc4c       0x4c /opt/devkitpro/calico/lib/libcalico_ds7.a(thread_cold.o)
                0x037fbc4c                threadSleepTicks
 .text.threadReschedule
                0x037fbc98       0x88 /opt/devkitpro/calico/lib/libcalico_ds7.a(thread_hot.32.o)
 .text.threadBlock
                0x037fbd20       0xc0 /opt/devkitpro/calico/lib/libcalico_ds7.a(thread_hot.32.o)
                0x037fbd20                threadBlock
 .text.threadUnblockOneByValue
                0x037fbde0       0xf0 /opt/devkitpro/calico/lib/libcalico_ds7.a(thread_hot.32.o)
                0x037fbde0                threadUnblockOneByValue
 .text.threadUnblockAllByValue
                0x037fbed0       0xd4 /opt/devkitpro/calico/lib/libcalico_ds7.a(thread_hot.32.o)
                0x037fbed0                threadUnblockAllByValue
 .text.threadUnblockAllByMask
                0x037fbfa4       0xd8 /opt/devkitpro/calico/lib/libcalico_ds7.a(thread_hot.32.o)
                0x037fbfa4                threadUnblockAllByMask
 .text.mailboxTrySend
                0x037fc07c       0x6c /opt/devkitpro/calico/lib/libcalico_ds7.a(mailbox.o)
                0x037fc07c                mailboxTrySend
 .text.mailboxTryRecv
                0x037fc0e8       0x54 /opt/devkitpro/calico/lib/libcalico_ds7.a(mailbox.o)
                0x037fc0e8                mailboxTryRecv
 .text.mailboxRecv
                0x037fc13c       0x68 /opt/devkitpro/calico/lib/libcalico_ds7.a(mailbox.o)
                0x037fc13c                mailboxRecv
 .text.armCopyMem32
                0x037fc1a4       0x4c /opt/devkitpro/calico/lib/libcalico_ds7.a(arm-copy-fill.32.o)
                0x037fc1a4                armCopyMem32
 .text.armFillMem32
                0x037fc1f0       0x58 /opt/devkitpro/calico/lib/libcalico_ds7.a(arm-copy-fill.32.o)
                0x037fc1f0                armFillMem32
 .text.armContextSave
                0x037fc248       0x2c /opt/devkitpro/calico/lib/libcalico_ds7.a(arm-context.32.o)
                0x037fc248                armContextSave
 .text.armContextLoad
                0x037fc274       0x20 /opt/devkitpro/calico/lib/libcalico_ds7.a(arm-context.32.o)
                0x037fc274                armContextLoad
                0x037fc278                armContextLoadFromSvc
 .text.armSwapWord
                0x037fc294        0x8 /opt/devkitpro/calico/lib/libcalico_ds7.a(arm-shims.32.o)
                0x037fc294                armSwapWord
 .text.armIrqLockByPsr
                0x037fc29c       0x14 /opt/devkitpro/calico/lib/libcalico_ds7.a(arm-shims.32.o)
                0x037fc29c                armIrqLockByPsr
 .text.armIrqUnlockByPsr
                0x037fc2b0       0x14 /opt/devkitpro/calico/lib/libcalico_ds7.a(arm-shims.32.o)
                0x037fc2b0                armIrqUnlockByPsr
 .text.svcWaitByLoop
                0x037fc2c4        0x4 /opt/devkitpro/calico/lib/libcalico_ds7.a(bios.o)
                0x037fc2c4                svcWaitByLoop
 .text.svcHalt  0x037fc2c8        0x4 /opt/devkitpro/calico/lib/libcalico_ds7.a(bios.o)
                0x037fc2c8                svcHalt
 .text.svcSleep
                0x037fc2cc        0x4 /opt/devkitpro/calico/lib/libcalico_ds7.a(bios.o)
                0x037fc2cc                svcSleep
 .text.svcSoundBias
                0x037fc2d0        0x4 /opt/devkitpro/calico/lib/libcalico_ds7.a(bios.o)
                0x037fc2d0                svcSoundBias
 .text.svcGetCRC16
                0x037fc2d4        0x4 /opt/devkitpro/calico/lib/libcalico_ds7.a(bios.o)
                0x037fc2d4                svcGetCRC16
 .text.svcCustomHalt
                0x037fc2d8        0x6 /opt/devkitpro/calico/lib/libcalico_ds7.a(bios.o)
                0x037fc2d8                svcCustomHalt
 .text._pxiMailboxHandler
                0x037fc2de        0xc /opt/devkitpro/calico/lib/libcalico_ds7.a(pxi.o)
 .text._pxiRecvUnhandled
                0x037fc2ea        0x2 /opt/devkitpro/calico/lib/libcalico_ds7.a(pxi.o)
                0x037fc2ea                _pxiRecvUnhandled
 .text._pxiRecvIrqHandler
                0x037fc2ec       0xc0 /opt/devkitpro/calico/lib/libcalico_ds7.a(pxi.o)
 .text._pxiInit
                0x037fc3ac       0x54 /opt/devkitpro/calico/lib/libcalico_ds7.a(pxi.o)
                0x037fc3ac                _pxiInit
 .text.pxiWaitForPing
                0x037fc400       0x12 /opt/devkitpro/calico/lib/libcalico_ds7.a(pxi.o)
                0x037fc400                pxiWaitForPing
 *fill*         0x037fc412        0x2 ff
 .text.pxiSetHandler
                0x037fc414       0x54 /opt/devkitpro/calico/lib/libcalico_ds7.a(pxi.o)
                0x037fc414                pxiSetHandler
 .text.pxiSetMailbox
                0x037fc468       0x18 /opt/devkitpro/calico/lib/libcalico_ds7.a(pxi.o)
                0x037fc468                pxiSetMailbox
 .text.pxiWaitRemote
                0x037fc480       0x20 /opt/devkitpro/calico/lib/libcalico_ds7.a(pxi.o)
                0x037fc480                pxiWaitRemote
 .text.pxiSendPacket
                0x037fc4a0       0x40 /opt/devkitpro/calico/lib/libcalico_ds7.a(pxi.o)
                0x037fc4a0                pxiSendPacket
 .text._keypadSendExtToArm9
                0x037fc4e0       0x24 /opt/devkitpro/calico/lib/libcalico_ds7.a(keypad.o)
 .text.keypadStartExtServer
                0x037fc504       0x38 /opt/devkitpro/calico/lib/libcalico_ds7.a(keypad.o)
                0x037fc504                keypadStartExtServer
 .text._pmCallEventHandlers
                0x037fc53c       0x2c /opt/devkitpro/calico/lib/libcalico_ds7.a(pm.o)
 .text.pmPrepareToReset
                0x037fc568       0x24 /opt/devkitpro/calico/lib/libcalico_ds7.a(pm.o)
                0x037fc568                pmPrepareToReset
 .text._pmPxiThreadMain
                0x037fc58c       0xc8 /opt/devkitpro/calico/lib/libcalico_ds7.a(pm.o)
 .text._pmResetPxiHandler
                0x037fc654       0x1c /opt/devkitpro/calico/lib/libcalico_ds7.a(pm.o)
 .text.systemErrorExit
                0x037fc670        0x2 /opt/devkitpro/calico/lib/libcalico_ds7.a(pm.o)
                0x037fc670                systemErrorExit
 *fill*         0x037fc672        0x2 ff
 .text.pmInit   0x037fc674       0xc4 /opt/devkitpro/calico/lib/libcalico_ds7.a(pm.o)
                0x037fc674                pmInit
 .text.pmAddEventHandler
                0x037fc738       0x2c /opt/devkitpro/calico/lib/libcalico_ds7.a(pm.o)
                0x037fc738                pmAddEventHandler
 .text.pmShouldReset
                0x037fc764       0x14 /opt/devkitpro/calico/lib/libcalico_ds7.a(pm.o)
                0x037fc764                pmShouldReset
 .text.pmIsSleepAllowed
                0x037fc778       0x10 /opt/devkitpro/calico/lib/libcalico_ds7.a(pm.o)
                0x037fc778                pmIsSleepAllowed
 .text.pmSetSleepAllowed
                0x037fc788       0x38 /opt/devkitpro/calico/lib/libcalico_ds7.a(pm.o)
                0x037fc788                pmSetSleepAllowed
 .text.pmHasResetJumpTarget
                0x037fc7c0       0x30 /opt/devkitpro/calico/lib/libcalico_ds7.a(pm.o)
                0x037fc7c0                pmHasResetJumpTarget
 .text.__syscall_exit
                0x037fc7f0       0xf4 /opt/devkitpro/calico/lib/libcalico_ds7.a(pm.o)
                0x037fc7f0                __syscall_exit
 .text.pmEnterSleep
                0x037fc8e4       0xe0 /opt/devkitpro/calico/lib/libcalico_ds7.a(pm.o)
                0x037fc8e4                pmEnterSleep
 .text.pmMainLoop
                0x037fc9c4       0x88 /opt/devkitpro/calico/lib/libcalico_ds7.a(pm.o)
                0x037fc9c4                pmMainLoop
 .text._rtcUpdateTask
                0x037fca4c       0x10 /opt/devkitpro/calico/lib/libcalico_ds7.a(rtc.o)
 .text.rtcReadRegister
                0x037fca5c       0xb4 /opt/devkitpro/calico/lib/libcalico_ds7.a(rtc.o)
                0x037fca5c                rtcReadRegister
 .text.rtcWriteRegister
                0x037fcb10       0xb4 /opt/devkitpro/calico/lib/libcalico_ds7.a(rtc.o)
                0x037fcb10                rtcWriteRegister
 .text.rtcInit  0x037fcbc4       0x94 /opt/devkitpro/calico/lib/libcalico_ds7.a(rtc.o)
                0x037fcbc4                rtcInit
 .text.rtcReadDateTime
                0x037fcc58       0x36 /opt/devkitpro/calico/lib/libcalico_ds7.a(rtc.o)
                0x037fcc58                rtcReadDateTime
 *fill*         0x037fcc8e        0x2 ff
 .text.rtcDateTimeToUnix
                0x037fcc90       0x5c /opt/devkitpro/calico/lib/libcalico_ds7.a(rtc.o)
                0x037fcc90                rtcDateTimeToUnix
 .text.rtcSyncTime
                0x037fccec       0x40 /opt/devkitpro/calico/lib/libcalico_ds7.a(rtc.o)
                0x037fccec                rtcSyncTime
 .text._pmicSpiBegin
                0x037fcd2c       0x30 /opt/devkitpro/calico/lib/libcalico_ds7.a(pmic.o)
 .text.pmicWriteRegister
                0x037fcd5c       0x40 /opt/devkitpro/calico/lib/libcalico_ds7.a(pmic.o)
                0x037fcd5c                pmicWriteRegister
 .text.pmicReadRegister
                0x037fcd9c       0x48 /opt/devkitpro/calico/lib/libcalico_ds7.a(pmic.o)
                0x037fcd9c                pmicReadRegister
 .text.pmicIssueShutdown
                0x037fcde4       0x24 /opt/devkitpro/calico/lib/libcalico_ds7.a(pmic.o)
                0x037fcde4                pmicIssueShutdown
 .text._envValidateUserSettings
                0x037fce08       0x60 /opt/devkitpro/calico/lib/libcalico_ds7.a(env.o)
 .text._envLoadUserSettings
                0x037fce68       0xac /opt/devkitpro/calico/lib/libcalico_ds7.a(env.o)
 .text.envReadNvramSettings
                0x037fcf14       0x24 /opt/devkitpro/calico/lib/libcalico_ds7.a(env.o)
                0x037fcf14                envReadNvramSettings
 .text.pmGetBatteryState
                0x037fcf38       0x68 /opt/devkitpro/calico/lib/libcalico_ds7.a(pm_arm7.o)
                0x037fcf38                pmGetBatteryState
 .text.pmSetPowerLed
                0x037fcfa0       0x38 /opt/devkitpro/calico/lib/libcalico_ds7.a(pm_arm7.o)
                0x037fcfa0                pmSetPowerLed
 .text.pmSoundSetAmpPower
                0x037fcfd8       0x48 /opt/devkitpro/calico/lib/libcalico_ds7.a(pm_arm7.o)
                0x037fcfd8                pmSoundSetAmpPower
 .text.pmMicSetAmp
                0x037fd020       0x64 /opt/devkitpro/calico/lib/libcalico_ds7.a(pm_arm7.o)
                0x037fd020                pmMicSetAmp
 .text.pmReadNvram
                0x037fd084       0x30 /opt/devkitpro/calico/lib/libcalico_ds7.a(pm_arm7.o)
                0x037fd084                pmReadNvram
 .text.touchStartServer
                0x037fd0b4       0x2c /opt/devkitpro/calico/lib/libcalico_ds7.a(touch.o)
                0x037fd0b4                touchStartServer
 .text.touchLoadCalibration
                0x037fd0e0       0xac /opt/devkitpro/calico/lib/libcalico_ds7.a(touch.o)
                0x037fd0e0                touchLoadCalibration
 .text.touchInit
                0x037fd18c       0x40 /opt/devkitpro/calico/lib/libcalico_ds7.a(touch.o)
                0x037fd18c                touchInit
 .text.touchRead
                0x037fd1cc      0x11c /opt/devkitpro/calico/lib/libcalico_ds7.a(touch.o)
                0x037fd1cc                touchRead
 .text._touchSrvThreadMain
                0x037fd2e8       0x88 /opt/devkitpro/calico/lib/libcalico_ds7.a(touch.o)
 .text._micTimerIsr
                0x037fd370       0xa0 /opt/devkitpro/calico/lib/libcalico_ds7.a(mic.32.o)
 .text._micReadSampleNtr
                0x037fd410       0x40 /opt/devkitpro/calico/lib/libcalico_ds7.a(mic.32.o)
 .text._micPxiHandler
                0x037fd450       0x84 /opt/devkitpro/calico/lib/libcalico_ds7.a(mic.32.o)
 .text._micThreadMain
                0x037fd4d4      0x35c /opt/devkitpro/calico/lib/libcalico_ds7.a(mic.32.o)
 .text.micStartServer
                0x037fd830       0x2c /opt/devkitpro/calico/lib/libcalico_ds7.a(mic.32.o)
                0x037fd830                micStartServer
 .text._soundReset
                0x037fd85c       0x20 /opt/devkitpro/calico/lib/libcalico_ds7.a(sound.o)
 .text._soundTimerTick
                0x037fd87c       0x14 /opt/devkitpro/calico/lib/libcalico_ds7.a(sound.o)
 .text._soundPxiHandler
                0x037fd890       0x20 /opt/devkitpro/calico/lib/libcalico_ds7.a(sound.o)
 .text.soundStartServer
                0x037fd8b0       0x2c /opt/devkitpro/calico/lib/libcalico_ds7.a(sound.o)
                0x037fd8b0                soundStartServer
 .text._soundEnable
                0x037fd8dc       0x44 /opt/devkitpro/calico/lib/libcalico_ds7.a(sound.o)
                0x037fd8dc                _soundEnable
 .text._soundDisable
                0x037fd920       0x50 /opt/devkitpro/calico/lib/libcalico_ds7.a(sound.o)
                0x037fd920                _soundDisable
 .text._soundPmEventHandler
                0x037fd970       0x44 /opt/devkitpro/calico/lib/libcalico_ds7.a(sound.o)
 .text._soundSetAutoUpdate
                0x037fd9b4       0x38 /opt/devkitpro/calico/lib/libcalico_ds7.a(sound.o)
                0x037fd9b4                _soundSetAutoUpdate
 .text._soundUpdateSharedState
                0x037fd9ec       0x34 /opt/devkitpro/calico/lib/libcalico_ds7.a(sound.o)
                0x037fd9ec                _soundUpdateSharedState
 .text._soundSrvThreadMain
                0x037fda20       0x84 /opt/devkitpro/calico/lib/libcalico_ds7.a(sound.o)
 .text._soundPxiStart
                0x037fdaa4       0x80 /opt/devkitpro/calico/lib/libcalico_ds7.a(sound_pxi.o)
 .text._soundPxiStop
                0x037fdb24       0x80 /opt/devkitpro/calico/lib/libcalico_ds7.a(sound_pxi.o)
 .text._soundPxiProcessCmd.isra.0
                0x037fdba4      0x340 /opt/devkitpro/calico/lib/libcalico_ds7.a(sound_pxi.o)
 .text._soundPxiProcess
                0x037fdee4       0xb0 /opt/devkitpro/calico/lib/libcalico_ds7.a(sound_pxi.o)
                0x037fdee4                _soundPxiProcess
 .text.blkInit  0x037fdf94       0x60 /opt/devkitpro/calico/lib/libcalico_ds7.a(blk.o)
                0x037fdf94                blkInit
 .text.blkDevIsPresent
                0x037fdff4       0x48 /opt/devkitpro/calico/lib/libcalico_ds7.a(blk.o)
                0x037fdff4                blkDevIsPresent
 .text.blkDevInit
                0x037fe03c       0x60 /opt/devkitpro/calico/lib/libcalico_ds7.a(blk.o)
                0x037fe03c                blkDevInit
 .text.blkDevReadSectors
                0x037fe09c       0x7c /opt/devkitpro/calico/lib/libcalico_ds7.a(blk.o)
                0x037fe09c                blkDevReadSectors
 .text.blkDevWriteSectors
                0x037fe118       0x7c /opt/devkitpro/calico/lib/libcalico_ds7.a(blk.o)
                0x037fe118                blkDevWriteSectors
 .text._blkPxiThread
                0x037fe194       0xa4 /opt/devkitpro/calico/lib/libcalico_ds7.a(blk.o)
 .text._wlmgrOnAssoc
                0x037fe238       0x24 /opt/devkitpro/calico/lib/libcalico_ds7.a(wlmgr.o)
 .text._wlmgrScanComplete
                0x037fe25c       0x18 /opt/devkitpro/calico/lib/libcalico_ds7.a(wlmgr.o)
 .text._wlmgrTxProcess
                0x037fe274       0x40 /opt/devkitpro/calico/lib/libcalico_ds7.a(wlmgr.o)
 .text._wlmgrSetState
                0x037fe2b4       0x20 /opt/devkitpro/calico/lib/libcalico_ds7.a(wlmgr.o)
 .text._wlmgrStop
                0x037fe2d4       0x38 /opt/devkitpro/calico/lib/libcalico_ds7.a(wlmgr.o)
 .text._wlmgrTxPxiHandler
                0x037fe30c       0x38 /opt/devkitpro/calico/lib/libcalico_ds7.a(wlmgr.o)
 .text._wlmgrPmEventHandler
                0x037fe344       0x2c /opt/devkitpro/calico/lib/libcalico_ds7.a(wlmgr.o)
 .text._wlmgrPxiProcessCmd.isra.0
                0x037fe370      0x1c8 /opt/devkitpro/calico/lib/libcalico_ds7.a(wlmgr.o)
 .text._wlmgrPxiProcess.constprop.0
                0x037fe538       0x7c /opt/devkitpro/calico/lib/libcalico_ds7.a(wlmgr.o)
 .text._wlmgrThreadMain
                0x037fe5b4       0xb4 /opt/devkitpro/calico/lib/libcalico_ds7.a(wlmgr.o)
 .text._wlmgrCmdPxiHandler
                0x037fe668       0x24 /opt/devkitpro/calico/lib/libcalico_ds7.a(wlmgr.o)
 .text._netbufRx
                0x037fe68c       0x2c /opt/devkitpro/calico/lib/libcalico_ds7.a(wlmgr.o)
                0x037fe68c                _netbufRx
 .text.wlmgrStartServer
                0x037fe6b8       0x2c /opt/devkitpro/calico/lib/libcalico_ds7.a(wlmgr.o)
                0x037fe6b8                wlmgrStartServer
 .text._ntrwifiOnStateLost
                0x037fe6e4       0x28 /opt/devkitpro/calico/lib/libcalico_ds7.a(wifi.ntr.o)
 .text._ntrwifiOnScanEnd
                0x037fe70c       0x30 /opt/devkitpro/calico/lib/libcalico_ds7.a(wifi.ntr.o)
 .text._ntrwifiOnAssocEnd
                0x037fe73c       0x50 /opt/devkitpro/calico/lib/libcalico_ds7.a(wifi.ntr.o)
 .text._ntrwifiOnJoinEnd
                0x037fe78c       0x3c /opt/devkitpro/calico/lib/libcalico_ds7.a(wifi.ntr.o)
 .text._ntrwifiOnBssInfo
                0x037fe7c8       0x34 /opt/devkitpro/calico/lib/libcalico_ds7.a(wifi.ntr.o)
 .text._ntrwifiOnAuthEnd
                0x037fe7fc       0x54 /opt/devkitpro/calico/lib/libcalico_ds7.a(wifi.ntr.o)
 .text._ntrwifiRx
                0x037fe850       0x20 /opt/devkitpro/calico/lib/libcalico_ds7.a(wifi.ntr.o)
 .text.ntrwifiInit
                0x037fe870       0xb4 /opt/devkitpro/calico/lib/libcalico_ds7.a(wifi.ntr.o)
                0x037fe870                ntrwifiInit
 .text.ntrwifiExit
                0x037fe924       0x24 /opt/devkitpro/calico/lib/libcalico_ds7.a(wifi.ntr.o)
                0x037fe924                ntrwifiExit
 .text.ntrwifiStartScan
                0x037fe948       0x38 /opt/devkitpro/calico/lib/libcalico_ds7.a(wifi.ntr.o)
                0x037fe948                ntrwifiStartScan
 .text.ntrwifiAssociate
                0x037fe980       0x2c /opt/devkitpro/calico/lib/libcalico_ds7.a(wifi.ntr.o)
                0x037fe980                ntrwifiAssociate
 .text.ntrwifiDisassociate
                0x037fe9ac       0x16 /opt/devkitpro/calico/lib/libcalico_ds7.a(wifi.ntr.o)
                0x037fe9ac                ntrwifiDisassociate
 .text.ntrwifiTx
                0x037fe9c2       0x28 /opt/devkitpro/calico/lib/libcalico_ds7.a(wifi.ntr.o)
                0x037fe9c2                ntrwifiTx
 *fill*         0x037fe9ea        0x2 ff
 .text._mwlBbpRead
                0x037fe9ec       0x2c /opt/devkitpro/calico/lib/libcalico_ds7.a(mwl_dev_bbp_rf.o)
                0x037fe9ec                _mwlBbpRead
 .text._mwlBbpWrite
                0x037fea18       0x30 /opt/devkitpro/calico/lib/libcalico_ds7.a(mwl_dev_bbp_rf.o)
                0x037fea18                _mwlBbpWrite
 .text._mwlRfCmd
                0x037fea48       0x28 /opt/devkitpro/calico/lib/libcalico_ds7.a(mwl_dev_bbp_rf.o)
                0x037fea48                _mwlRfCmd
 .text._mwlTaskHandler
                0x037fea70       0x30 /opt/devkitpro/calico/lib/libcalico_ds7.a(mwl_dev_task.o)
 .text._mwlExitTask
                0x037feaa0       0x60 /opt/devkitpro/calico/lib/libcalico_ds7.a(mwl_dev_task.o)
 .text.mwlDevStop
                0x037feb00       0xa8 /opt/devkitpro/calico/lib/libcalico_ds7.a(mwl_dev_task.o)
                0x037feb00                mwlDevStop
 .text.mwlDevStart
                0x037feba8      0x22c /opt/devkitpro/calico/lib/libcalico_ds7.a(mwl_dev_task.o)
                0x037feba8                mwlDevStart
 .text.mwlDevGracefulStop
                0x037fedd4       0x30 /opt/devkitpro/calico/lib/libcalico_ds7.a(mwl_dev_task.o)
                0x037fedd4                mwlDevGracefulStop
 .text._mwlPushTask
                0x037fee04       0x60 /opt/devkitpro/calico/lib/libcalico_ds7.a(mwl_dev_irq.32.o)
                0x037fee04                _mwlPushTask
 .text._mwlPopTask
                0x037fee64       0x94 /opt/devkitpro/calico/lib/libcalico_ds7.a(mwl_dev_irq.32.o)
                0x037fee64                _mwlPopTask
 .text._mwlIrqHandler
                0x037feef8       0xe0 /opt/devkitpro/calico/lib/libcalico_ds7.a(mwl_dev_irq.32.o)
                0x037feef8                _mwlIrqHandler
 .text.mwlDevWlanToDix
                0x037fefd8       0xb6 /opt/devkitpro/calico/lib/libcalico_ds7.a(mwl_dev_misc.o)
                0x037fefd8                mwlDevWlanToDix
 *fill*         0x037ff08e        0x2 ff
 .text.mwlDevDixToWlan
                0x037ff090       0xc8 /opt/devkitpro/calico/lib/libcalico_ds7.a(mwl_dev_misc.o)
                0x037ff090                mwlDevDixToWlan
 .text._mwlRxRead
                0x037ff158       0x18 /opt/devkitpro/calico/lib/libcalico_ds7.a(mwl_rx.o)
 .text._mwlRxProbeResFrame
                0x037ff170       0x5c /opt/devkitpro/calico/lib/libcalico_ds7.a(mwl_rx.o)
 .text._mwlRxBeaconFrame
                0x037ff1cc      0x104 /opt/devkitpro/calico/lib/libcalico_ds7.a(mwl_rx.o)
 .text._mwlRxEndTask
                0x037ff2d0      0x194 /opt/devkitpro/calico/lib/libcalico_ds7.a(mwl_rx.o)
                0x037ff2d0                _mwlRxEndTask
 .text._mwlRxMgmtCtrlTask
                0x037ff464       0xa0 /opt/devkitpro/calico/lib/libcalico_ds7.a(mwl_rx.o)
                0x037ff464                _mwlRxMgmtCtrlTask
 .text._mwlRxDataTask
                0x037ff504       0x44 /opt/devkitpro/calico/lib/libcalico_ds7.a(mwl_rx.o)
                0x037ff504                _mwlRxDataTask
 .text._mwlRxQueueClear
                0x037ff548       0x30 /opt/devkitpro/calico/lib/libcalico_ds7.a(mwl_rx.o)
                0x037ff548                _mwlRxQueueClear
 .text._mwlTxWrite
                0x037ff578       0x30 /opt/devkitpro/calico/lib/libcalico_ds7.a(mwl_tx.o)
 .text._mwlTxQueueKick
                0x037ff5a8      0x17c /opt/devkitpro/calico/lib/libcalico_ds7.a(mwl_tx.o)
 .text._mwlTxEndTask
                0x037ff724       0xb0 /opt/devkitpro/calico/lib/libcalico_ds7.a(mwl_tx.o)
                0x037ff724                _mwlTxEndTask
 .text._mwlTxQueueClear
                0x037ff7d4       0xa0 /opt/devkitpro/calico/lib/libcalico_ds7.a(mwl_tx.o)
                0x037ff7d4                _mwlTxQueueClear
 .text.mwlDevTx
                0x037ff874       0x48 /opt/devkitpro/calico/lib/libcalico_ds7.a(mwl_tx.o)
                0x037ff874                mwlDevTx
 .text._mwlSetMlmeState
                0x037ff8bc       0x4c /opt/devkitpro/calico/lib/libcalico_ds7.a(mwl_mlme.o)
 .text._mwlMlmeAuthRaceWorkaround
                0x037ff908        0xe /opt/devkitpro/calico/lib/libcalico_ds7.a(mwl_mlme.o)
 *fill*         0x037ff916        0x2 ff
 .text._mwlMlmeScanTimeout
                0x037ff918       0x34 /opt/devkitpro/calico/lib/libcalico_ds7.a(mwl_mlme.o)
 .text._mwlMlmeJoinTimeout
                0x037ff94c        0xe /opt/devkitpro/calico/lib/libcalico_ds7.a(mwl_mlme.o)
 .text._mwlMlmeAuthTimeout
                0x037ff95a        0xe /opt/devkitpro/calico/lib/libcalico_ds7.a(mwl_mlme.o)
 .text._mwlMlmeAssocTimeout
                0x037ff968        0xe /opt/devkitpro/calico/lib/libcalico_ds7.a(mwl_mlme.o)
 *fill*         0x037ff976        0x2 ff
 .text._mwlMlmeTaskScan
                0x037ff978       0xe8 /opt/devkitpro/calico/lib/libcalico_ds7.a(mwl_mlme.o)
 .text._mwlMlmeDeauthTxCb
                0x037ffa60       0x2c /opt/devkitpro/calico/lib/libcalico_ds7.a(mwl_mlme.o)
 .text._mwlMlmeOnBssInfo
                0x037ffa8c       0x48 /opt/devkitpro/calico/lib/libcalico_ds7.a(mwl_mlme.o)
                0x037ffa8c                _mwlMlmeOnBssInfo
 .text._mwlMlmeHandleJoin
                0x037ffad4       0x5c /opt/devkitpro/calico/lib/libcalico_ds7.a(mwl_mlme.o)
                0x037ffad4                _mwlMlmeHandleJoin
 .text._mwlMlmeHandleAuth
                0x037ffb30       0xec /opt/devkitpro/calico/lib/libcalico_ds7.a(mwl_mlme.o)
                0x037ffb30                _mwlMlmeHandleAuth
 .text._mwlMlmeAuthFreeReply
                0x037ffc1c       0x1c /opt/devkitpro/calico/lib/libcalico_ds7.a(mwl_mlme.o)
                0x037ffc1c                _mwlMlmeAuthFreeReply
 .text._mwlMlmeHandleAssocResp
                0x037ffc38       0x2c /opt/devkitpro/calico/lib/libcalico_ds7.a(mwl_mlme.o)
                0x037ffc38                _mwlMlmeHandleAssocResp
 .text._mwlMlmeHandleStateLoss
                0x037ffc64       0x44 /opt/devkitpro/calico/lib/libcalico_ds7.a(mwl_mlme.o)
                0x037ffc64                _mwlMlmeHandleStateLoss
 .text._mwlMlmeBeaconLostTask
                0x037ffca8       0x2c /opt/devkitpro/calico/lib/libcalico_ds7.a(mwl_mlme.o)
                0x037ffca8                _mwlMlmeBeaconLostTask
 .text._mwlMlmeTask
                0x037ffcd4      0x138 /opt/devkitpro/calico/lib/libcalico_ds7.a(mwl_mlme.o)
                0x037ffcd4                _mwlMlmeTask
 .text.mwlMlmeGetCallbacks
                0x037ffe0c        0x8 /opt/devkitpro/calico/lib/libcalico_ds7.a(mwl_mlme.o)
                0x037ffe0c                mwlMlmeGetCallbacks
 .text.mwlMlmeScan
                0x037ffe14       0xcc /opt/devkitpro/calico/lib/libcalico_ds7.a(mwl_mlme.o)
                0x037ffe14                mwlMlmeScan
 .text.mwlMlmeJoin
                0x037ffee0       0xb0 /opt/devkitpro/calico/lib/libcalico_ds7.a(mwl_mlme.o)
                0x037ffee0                mwlMlmeJoin
 .text.mwlMlmeAuthenticate
                0x037fff90       0xa8 /opt/devkitpro/calico/lib/libcalico_ds7.a(mwl_mlme.o)
                0x037fff90                mwlMlmeAuthenticate
 .text.mwlMlmeAssociate
                0x03800038       0x80 /opt/devkitpro/calico/lib/libcalico_ds7.a(mwl_mlme.o)
                0x03800038                mwlMlmeAssociate
 .text.mwlMlmeDeauthenticate
                0x038000b8       0x50 /opt/devkitpro/calico/lib/libcalico_ds7.a(mwl_mlme.o)
                0x038000b8                mwlMlmeDeauthenticate
 .text._tickCountIsr
                0x03800108       0x20 /opt/devkitpro/calico/lib/libcalico_ds7.a(tick.o)
 .text.tickInit
                0x03800128       0x70 /opt/devkitpro/calico/lib/libcalico_ds7.a(tick.o)
                0x03800128                tickInit
 .text.tickGetCount
                0x03800198       0x4c /opt/devkitpro/calico/lib/libcalico_ds7.a(tick.o)
                0x03800198                tickGetCount
 .text._tickTaskSchedule
                0x038001e4       0x44 /opt/devkitpro/calico/lib/libcalico_ds7.a(tick.o)
 .text._tickTaskIsr
                0x03800228       0x78 /opt/devkitpro/calico/lib/libcalico_ds7.a(tick.o)
 .text.tickTaskStart
                0x038002a0       0x78 /opt/devkitpro/calico/lib/libcalico_ds7.a(tick.o)
                0x038002a0                tickTaskStart
 .text.tickTaskStop
                0x03800318       0x54 /opt/devkitpro/calico/lib/libcalico_ds7.a(tick.o)
                0x03800318                tickTaskStop
 .text.threadUpdateDynamicPrio
                0x0380036c       0xf4 /opt/devkitpro/calico/lib/libcalico_ds7.a(mutex.o)
 .text.threadRemoveWaiter
                0x03800460       0xc2 /opt/devkitpro/calico/lib/libcalico_ds7.a(mutex.o)
 *fill*         0x03800522        0x2 ff
 .text.mutexLock
                0x03800524       0xdc /opt/devkitpro/calico/lib/libcalico_ds7.a(mutex.o)
                0x03800524                mutexLock
 .text.mutexUnlock
                0x03800600       0x8c /opt/devkitpro/calico/lib/libcalico_ds7.a(mutex.o)
                0x03800600                mutexUnlock
 .text.__irq_handler
                0x0380068c      0x14c /opt/devkitpro/calico/lib/libcalico_ds7.a(irq_handler.32.o)
                0x0380068c                __irq_handler
 .text.netbufAlloc
                0x038007d8       0x9c /opt/devkitpro/calico/lib/libcalico_ds7.a(netbuf.o)
                0x038007d8                netbufAlloc
 .text.netbufFree
                0x03800874       0x48 /opt/devkitpro/calico/lib/libcalico_ds7.a(netbuf.o)
                0x03800874                netbufFree
 .text._wlanParseRsn
                0x038008bc       0x80 /opt/devkitpro/calico/lib/libcalico_ds7.a(wlan.o)
 .text.wlanGetRateBit
                0x0380093c       0x34 /opt/devkitpro/calico/lib/libcalico_ds7.a(wlan.o)
                0x0380093c                wlanGetRateBit
 .text.wlanFindOrAddBss
                0x03800970       0x5c /opt/devkitpro/calico/lib/libcalico_ds7.a(wlan.o)
                0x03800970                wlanFindOrAddBss
 .text.wlanFindRsnOrWpaIe
                0x038009cc       0x54 /opt/devkitpro/calico/lib/libcalico_ds7.a(wlan.o)
                0x038009cc                wlanFindRsnOrWpaIe
 .text.wlanParseBeacon
                0x03800a20      0x1a4 /opt/devkitpro/calico/lib/libcalico_ds7.a(wlan.o)
                0x03800a20                wlanParseBeacon
 .text._nvramSpiBegin
                0x03800bc4       0x28 /opt/devkitpro/calico/lib/libcalico_ds7.a(nvram.o)
 .text.nvramWaitReady
                0x03800bec       0x50 /opt/devkitpro/calico/lib/libcalico_ds7.a(nvram.o)
                0x03800bec                nvramWaitReady
 .text.nvramReadDataBytes
                0x03800c3c       0xa4 /opt/devkitpro/calico/lib/libcalico_ds7.a(nvram.o)
                0x03800c3c                nvramReadDataBytes
 .text._tscPowerDownBetweenConversions
                0x03800ce0       0x54 /opt/devkitpro/calico/lib/libcalico_ds7.a(tsc.o)
 .text._tscTryReadChannel
                0x03800d34      0x130 /opt/devkitpro/calico/lib/libcalico_ds7.a(tsc.o)
 .text._tscDetectTouch
                0x03800e64       0x2c /opt/devkitpro/calico/lib/libcalico_ds7.a(tsc.o)
 .text.tscInit  0x03800e90        0xc /opt/devkitpro/calico/lib/libcalico_ds7.a(tsc.o)
                0x03800e90                tscInit
 .text.tscReadTouch
                0x03800e9c       0x84 /opt/devkitpro/calico/lib/libcalico_ds7.a(tsc.o)
                0x03800e9c                tscReadTouch
 .text.tscReadChannel12
                0x03800f20       0x88 /opt/devkitpro/calico/lib/libcalico_ds7.a(tsc.o)
                0x03800f20                tscReadChannel12
 .text.smutexLock
                0x03800fa8       0xa8 /opt/devkitpro/calico/lib/libcalico_ds7.a(smutex.32.o)
                0x03800fa8                smutexLock
 .text.smutexUnlock
                0x03801050       0x8c /opt/devkitpro/calico/lib/libcalico_ds7.a(smutex.32.o)
                0x03801050                smutexUnlock
 .text          0x038010dc       0x14 /opt/devkitpro/devkitARM/bin/../lib/gcc/arm-none-eabi/14.2.0/thumb/libgcc.a(_thumb1_case_sqi.o)
                0x038010dc                __gnu_thumb1_case_sqi
 .text          0x038010f0       0x14 /opt/devkitpro/devkitARM/bin/../lib/gcc/arm-none-eabi/14.2.0/thumb/libgcc.a(_thumb1_case_uqi.o)
                0x038010f0                __gnu_thumb1_case_uqi
 .text          0x03801104      0x11c /opt/devkitpro/devkitARM/bin/../lib/gcc/arm-none-eabi/14.2.0/thumb/libgcc.a(_udivsi3.o)
                0x03801104                __udivsi3
                0x03801104                __aeabi_uidiv
                0x03801200                __aeabi_uidivmod
 .text          0x03801220      0x150 /opt/devkitpro/devkitARM/bin/../lib/gcc/arm-none-eabi/14.2.0/thumb/libgcc.a(_divsi3.o)
                0x03801220                __aeabi_idiv
                0x03801220                __divsi3
                0x03801350                __aeabi_idivmod
 .text          0x03801370        0x4 /opt/devkitpro/devkitARM/bin/../lib/gcc/arm-none-eabi/14.2.0/thumb/libgcc.a(_dvmd_tls.o)
                0x03801370                __aeabi_ldiv0
                0x03801370                __aeabi_idiv0
 .text          0x03801374       0x3c /opt/devkitpro/devkitARM/bin/../lib/gcc/arm-none-eabi/14.2.0/thumb/libgcc.a(_aeabi_uldivmod.o)
                0x03801374                __aeabi_uldivmod
 .text.__muldi3
                0x038013b0       0x64 /opt/devkitpro/devkitARM/bin/../lib/gcc/arm-none-eabi/14.2.0/thumb/libgcc.a(_muldi3.o)
                0x038013b0                __aeabi_lmul
                0x038013b0                __muldi3
 .text.__popcountsi2
                0x03801414       0x34 /opt/devkitpro/devkitARM/bin/../lib/gcc/arm-none-eabi/14.2.0/thumb/libgcc.a(_popcountsi2.o)
                0x03801414                __popcountsi2
 .text.__bswapsi2
                0x03801448       0x18 /opt/devkitpro/devkitARM/bin/../lib/gcc/arm-none-eabi/14.2.0/thumb/libgcc.a(_bswapsi2.o)
                0x03801448                __bswapsi2
 .text.__udivmoddi4
                0x03801460      0x19c /opt/devkitpro/devkitARM/bin/../lib/gcc/arm-none-eabi/14.2.0/thumb/libgcc.a(_udivmoddi4.o)
                0x03801460                __udivmoddi4
 .text          0x038015fc       0x28 /opt/devkitpro/devkitARM/bin/../lib/gcc/arm-none-eabi/14.2.0/thumb/libgcc.a(_clzdi2.o)
                0x038015fc                __clzdi2
 .text          0x03801624       0x48 /opt/devkitpro/devkitARM/bin/../lib/gcc/arm-none-eabi/14.2.0/thumb/libgcc.a(_clzsi2.o)
                0x03801624                __clzsi2
 .text.memcmp   0x0380166c       0x4c /opt/devkitpro/devkitARM/bin/../lib/gcc/arm-none-eabi/14.2.0/../../../../arm-none-eabi/lib/thumb/libg.a(libc_a-memcmp.o)
                0x0380166c                memcmp
 .text.memcpy   0x038016b8       0xb0 /opt/devkitpro/devkitARM/bin/../lib/gcc/arm-none-eabi/14.2.0/../../../../arm-none-eabi/lib/thumb/libg.a(libc_a-memcpy-stub.o)
                0x038016b8                memcpy
 .text.memset   0x03801768       0x98 /opt/devkitpro/devkitARM/bin/../lib/gcc/arm-none-eabi/14.2.0/../../../../arm-none-eabi/lib/thumb/libg.a(libc_a-memset.o)
                0x03801768                memset
 .text.memset.__stub
                0x03801800      0x280 linker stubs
 *(.glue_7t .glue_7 .vfp11_veneer .v4_bx)
 .glue_7        0x03801ad8        0x0 linker stubs
 .glue_7t       0x03801ad8        0x0 linker stubs
 .vfp11_veneer  0x03801ad8        0x0 linker stubs
 .v4_bx         0x03801ad8        0x0 linker stubs
 *(.rodata .rodata.* .gnu.linkonce.r.*)
 .rodata.s_monthDayOffsets.0
                0x03801ad8       0x18 /opt/devkitpro/calico/lib/libcalico_ds7.a(rtc.o)
 .rodata._micThreadMain
                0x03801af0        0x4 /opt/devkitpro/calico/lib/libcalico_ds7.a(mic.32.o)
 .rodata._soundPxiProcessCmd.isra.0
                0x03801af4       0x10 /opt/devkitpro/calico/lib/libcalico_ds7.a(sound_pxi.o)
 .rodata._wlmgrPxiProcessCmd.isra.0
                0x03801b04        0x5 /opt/devkitpro/calico/lib/libcalico_ds7.a(wlmgr.o)
 *fill*         0x03801b09        0x3 ff
 .rodata.s_mwlTaskHandlers
                0x03801b0c       0x1c /opt/devkitpro/calico/lib/libcalico_ds7.a(mwl_dev_task.o)
 .rodata.s_wlanRates
                0x03801b28        0xc /opt/devkitpro/calico/lib/libcalico_ds7.a(wlan.o)
 *(.rodata1)
                0x03801b34                        . = ALIGN (0x4)

.wram.rw        0x03801b34        0x0 load address 0x0238b36c
 *(.data .data.* .gnu.linkonce.d.*)
 *(.data1)
                0x03801b34                        . = ALIGN (0x4)
                [!provide]                        PROVIDE (__wram_lma = LOADADDR (.wram))
                0x037f8000                        PROVIDE (__wram_start = ADDR (.wram))
                0x03801b34                        PROVIDE (__wram_end = (ADDR (.wram.rw) + SIZEOF (.wram.rw)))

.wram.bss       0x03801b34     0x5a3c load address 0x0238b36c
 *(.dynbss)
 *(.bss .bss.* .gnu.linkonce.b.*)
 .bss.completed.1
                0x03801b34        0x1 /opt/devkitpro/devkitARM/bin/../lib/gcc/arm-none-eabi/14.2.0/thumb/crtbegin.o
 *fill*         0x03801b35        0x3 
 .bss.object.0  0x03801b38       0x18 /opt/devkitpro/devkitARM/bin/../lib/gcc/arm-none-eabi/14.2.0/thumb/crtbegin.o
 .bss.s_mmPxiMailboxSlots
                0x03801b50      0x100 /opt/devkitpro/libnds/lib/libmm7.a(mm_comms7.o)
 .bss.s_mmPxiMailbox
                0x03801c50        0x8 /opt/devkitpro/libnds/lib/libmm7.a(mm_comms7.o)
 .bss.s_mmMailbox
                0x03801c58        0x8 /opt/devkitpro/libnds/lib/libmm7.a(mm_comms7.o)
 .bss.s_mmThreadStack
                0x03801c60      0x200 /opt/devkitpro/libnds/lib/libmm7.a(mm_comms7.o)
 .bss.s_mmThread
                0x03801e60       0x70 /opt/devkitpro/libnds/lib/libmm7.a(mm_comms7.o)
 .bss           0x03801ed0        0x8 /opt/devkitpro/libnds/lib/libmm7.a(mm_main.o)
                0x03801ed0                mmCallback
                0x03801ed4                mm_ch_mask
 .bss           0x03801ed8       0x2d /opt/devkitpro/libnds/lib/libmm7.a(mm_effect.o)
                0x03801efc                mm_sfx_bitmask
                0x03801f00                mm_sfx_clearmask
 *fill*         0x03801f05        0x3 
 .bss           0x03801f08      0x148 /opt/devkitpro/libnds/lib/libmm7.a(mm_mas.o)
                0x03801f08                mmLayerMain
                0x03801f40                mmLayerSub
                0x03801f78                mpp_vars
                0x03801f88                mpp_layerp
                0x03801f8c                mpp_channels
                0x03801f9c                mpp_nchannels
                0x03801f9d                mpp_clayer
                0x03801fa0                mm_achannels
                0x03801fa4                mm_pchannels
                0x03801fa8                mm_num_mch
                0x03801fac                mm_num_ach
                0x03801fb0                mm_schannels
 .bss           0x03802050      0x88d /opt/devkitpro/libnds/lib/libmm7.a(mm_main7.o)
                0x03802050                mmModuleCount
                0x03802054                mmModuleBank
                0x03802058                mmSampleBank
                0x038028dc                mmInitialized
 *fill*         0x038028dd        0x3 
 .bss           0x038028e0     0x2362 /opt/devkitpro/libnds/lib/libmm7.a(mm_mixer_super.o)
                0x038028e0                mm_mix_channels
                0x03804c41                mm_mixing_mode
 *fill*         0x03804c42        0x2 
 .bss.s_sleepThreads
                0x03804c44        0x8 /opt/devkitpro/calico/lib/libcalico_ds7.a(thread_cold.o)
 .bss.s_joinThreads
                0x03804c4c        0x8 /opt/devkitpro/calico/lib/libcalico_ds7.a(thread_cold.o)
 .bss.s_idleThread
                0x03804c54       0x70 /opt/devkitpro/calico/lib/libcalico_ds7.a(thread_cold.o)
 .bss.s_mainThread
                0x03804cc4       0x70 /opt/devkitpro/calico/lib/libcalico_ds7.a(thread_cold.o)
 .bss.__irq_table
                0x03804d34      0x100 /opt/devkitpro/calico/lib/libcalico_ds7.a(thread_hot.32.o)
                0x03804d34                __irq_table
 .bss.__sched_state
                0x03804e34       0x24 /opt/devkitpro/calico/lib/libcalico_ds7.a(thread_hot.32.o)
                0x03804e34                __sched_state
 .bss.s_mailboxRecvQueue
                0x03804e58        0x8 /opt/devkitpro/calico/lib/libcalico_ds7.a(mailbox.o)
 .bss.s_pxiChannels
                0x03804e60      0x1f0 /opt/devkitpro/calico/lib/libcalico_ds7.a(pxi.o)
 .bss.s_pxiRecvState
                0x03805050        0x4 /opt/devkitpro/calico/lib/libcalico_ds7.a(pxi.o)
 .bss.s_pxiRecvQueue
                0x03805054        0x8 /opt/devkitpro/calico/lib/libcalico_ds7.a(pxi.o)
 .bss.s_pxiSendMutex
                0x0380505c        0x4 /opt/devkitpro/calico/lib/libcalico_ds7.a(pxi.o)
 .bss.s_keypadTask
                0x03805060       0x10 /opt/devkitpro/calico/lib/libcalico_ds7.a(keypad.o)
 .bss.s_pmPxiThreadStack
                0x03805070      0x200 /opt/devkitpro/calico/lib/libcalico_ds7.a(pm.o)
 .bss.s_pmPxiThread
                0x03805270       0x70 /opt/devkitpro/calico/lib/libcalico_ds7.a(pm.o)
 .bss.s_pmState
                0x038052e0        0xc /opt/devkitpro/calico/lib/libcalico_ds7.a(pm.o)
 .bss.s_rtcUpdateTask
                0x038052ec       0x10 /opt/devkitpro/calico/lib/libcalico_ds7.a(rtc.o)
 .bss.s_rtcMutex
                0x038052fc        0x4 /opt/devkitpro/calico/lib/libcalico_ds7.a(rtc.o)
 .bss.g_spiMutex
                0x03805300        0x4 /opt/devkitpro/calico/lib/libcalico_ds7.a(spi.o)
                0x03805300                g_spiMutex
 *fill*         0x03805304        0x4 
 .bss.s_touchSrvThreadStack
                0x03805308      0x100 /opt/devkitpro/calico/lib/libcalico_ds7.a(touch.o)
 .bss.s_touchSrvThread
                0x03805408       0x70 /opt/devkitpro/calico/lib/libcalico_ds7.a(touch.o)
 .bss.s_touchState
                0x03805478       0x1c /opt/devkitpro/calico/lib/libcalico_ds7.a(touch.o)
 .bss.header.0  0x03805494        0x4 /opt/devkitpro/calico/lib/libcalico_ds7.a(mic.32.o)
 .bss.data_words.1
                0x03805498        0x4 /opt/devkitpro/calico/lib/libcalico_ds7.a(mic.32.o)
 .bss.s_micState
                0x0380549c       0x2c /opt/devkitpro/calico/lib/libcalico_ds7.a(mic.32.o)
 .bss.s_micThreadStack
                0x038054c8      0x200 /opt/devkitpro/calico/lib/libcalico_ds7.a(mic.32.o)
 .bss.s_micThread
                0x038056c8       0x70 /opt/devkitpro/calico/lib/libcalico_ds7.a(mic.32.o)
 .bss.s_soundPxiMailboxSlots
                0x03805738       0x80 /opt/devkitpro/calico/lib/libcalico_ds7.a(sound.o)
 .bss.s_soundPxiMailbox
                0x038057b8        0x8 /opt/devkitpro/calico/lib/libcalico_ds7.a(sound.o)
 .bss.s_soundSrvMailbox
                0x038057c0        0x8 /opt/devkitpro/calico/lib/libcalico_ds7.a(sound.o)
 .bss.s_soundPmCookie
                0x038057c8        0xc /opt/devkitpro/calico/lib/libcalico_ds7.a(sound.o)
 .bss.s_soundTimer
                0x038057d4       0x10 /opt/devkitpro/calico/lib/libcalico_ds7.a(sound.o)
 *fill*         0x038057e4        0x4 
 .bss.s_soundSrvThreadStack
                0x038057e8      0x400 /opt/devkitpro/calico/lib/libcalico_ds7.a(sound.o)
 .bss.s_soundSrvThread
                0x03805be8       0x70 /opt/devkitpro/calico/lib/libcalico_ds7.a(sound.o)
 .bss.g_soundState
                0x03805c58        0x8 /opt/devkitpro/calico/lib/libcalico_ds7.a(sound.o)
                0x03805c58                g_soundState
 .bss.s_blkPxiThreadStack
                0x03805c60      0x400 /opt/devkitpro/calico/lib/libcalico_ds7.a(blk.o)
 .bss.s_blkPxiThread
                0x03806060       0x70 /opt/devkitpro/calico/lib/libcalico_ds7.a(blk.o)
 .bss.s_blkPxiMailboxData
                0x038060d0       0x20 /opt/devkitpro/calico/lib/libcalico_ds7.a(blk.o)
 .bss.s_blkPxiMailbox
                0x038060f0        0x8 /opt/devkitpro/calico/lib/libcalico_ds7.a(blk.o)
 .bss.s_blkHasTwl
                0x038060f8        0x1 /opt/devkitpro/calico/lib/libcalico_ds7.a(blk.o)
 *fill*         0x038060f9        0x3 